******************************************************************************
                  TI ARM Linker PC v18.1.1                     
******************************************************************************
>> Linked Sun Apr  8 22:46:59 2018

OUTPUT FILE NAME:   <q3.out>
ENTRY POINT SYMBOL: "_c_int00_noargs"  address: 000059ed


MEMORY CONFIGURATION

         name            origin    length      used     unused   attr    fill
----------------------  --------  ---------  --------  --------  ----  --------
  FLASH                 00000000   00100000  00005f0a  000fa0f6  R  X
  SRAM                  20000000   00040000  0000c704  000338fc  RW X


SEGMENT ALLOCATION MAP

run origin  load origin   length   init length attrs members
----------  ----------- ---------- ----------- ----- -------
00000000    00000000    00005f10   00005f10    r-x
  00000000    00000000    00000208   00000208    r-- .intvecs
  00000208    00000208    0000593e   0000593e    r-x .text
  00005b48    00005b48    0000038c   0000038c    r-- .const
  00005ed8    00005ed8    00000038   00000038    r-- .cinit
20000000    20000000    0000c704   00000000    rw-
  20000000    20000000    0000c4a8   00000000    rw- .bss
  2000c4a8    2000c4a8    00000200   00000000    rw- .stack
  2000c6a8    2000c6a8    0000005c   00000000    rw- .data


SECTION ALLOCATION MAP

 output                                  attributes/
section   page    origin      length       input sections
--------  ----  ----------  ----------   ----------------
.intvecs   0    00000000    00000208     
                  00000000    00000208     tm4c1294ncpdt_startup_ccs.obj (.intvecs)

.text      0    00000208    0000593e     
                  00000208    000017d0     tasks.obj (.text)
                  000019d8    00000a5e     rtsv7M4_T_le_v4SPD16_eabi.lib : _printfi.c.obj (.text:__TI_printfi)
                  00002436    00000002                                   : div0.asm.obj (.text)
                  00002438    00000a08     queue.obj (.text)
                  00002e40    00000534     timers.obj (.text)
                  00003374    000004dc     uartstdio.obj (.text)
                  00003850    000003ae     event_groups.obj (.text)
                  00003bfe    00000002     --HOLE-- [fill = 0]
                  00003c00    00000308     main.obj (.text)
                  00003f08    000002bc     heap_4.obj (.text)
                  000041c4    00000270     rtsv7M4_T_le_v4SPD16_eabi.lib : _printfi.c.obj (.text:_pconv_a)
                  00004434    000001ec     driverlib.lib : sysctl.obj (.text:SysCtlClockFreqSet)
                  00004620    000001d0     rtsv7M4_T_le_v4SPD16_eabi.lib : _printfi.c.obj (.text:_pconv_g)
                  000047f0    000001b6                                   : fd_add_t2.asm.obj (.text)
                  000049a6    00000002     --HOLE-- [fill = 0]
                  000049a8    0000013c                                   : _printfi.c.obj (.text:_pconv_e)
                  00004ae4    00000136                                   : fd_div_t2.asm.obj (.text)
                  00004c1a    0000012a     list.obj (.text)
                  00004d44    00000128     port.obj (.text)
                  00004e6c    00000120     rtsv7M4_T_le_v4SPD16_eabi.lib : _printfi.c.obj (.text:fcvt)
                  00004f8c    00000110                                   : s_scalbn.c.obj (.text:scalbn)
                  0000509c    000000fc                                   : fd_mul_t2.asm.obj (.text)
                  00005198    000000d2     portasm.obj (.text)
                  0000526a    00000002     --HOLE-- [fill = 0]
                  0000526c    000000b1     rtsv7M4_T_le_v4SPD16_eabi.lib : _printfi.c.obj (.text:_ltostr)
                  0000531d    00000001     --HOLE-- [fill = 0]
                  0000531e    0000009c                                   : memcpy_t2.asm.obj (.text)
                  000053ba    00000096                                   : ull_div_t2.asm.obj (.text)
                  00005450    00000086                                   : fd_cmp_t2.asm.obj (.text:__aeabi_cdcmple)
                  000054d6    00000086                                   : fd_cmp_t2.asm.obj (.text:__aeabi_cdrcmple)
                  0000555c    0000007a                                   : memset_t2.asm.obj (.text)
                  000055d6    0000006e                                   : _printfi.c.obj (.text:_mcpy)
                  00005644    00000068                                   : copy_decompress_lzss.c.obj (.text:decompress:lzss:__TI_decompress_lzss)
                  000056ac    00000064                                   : s_frexp.c.obj (.text:frexp)
                  00005710    00000056                                   : _printfi.c.obj (.text:_pconv_f)
                  00005766    00000054                                   : ltoa.c.obj (.text:ltoa)
                  000057ba    00000052                                   : _printfi.c.obj (.text:_ecpy)
                  0000580c    0000004c                                   : atoi.c.obj (.text:atoi)
                  00005858    00000048     driverlib.lib : sysctl.obj (.text:_SysCtlFrequencyGet)
                  000058a0    00000048     rtsv7M4_T_le_v4SPD16_eabi.lib : fd_toi_t2.asm.obj (.text)
                  000058e8    00000044                                   : autoinit.c.obj (.text:__TI_auto_init_nobinit_nopinit:__TI_auto_init_nobinit_nopinit)
                  0000592c    00000040                                   : u_divt2.asm.obj (.text)
                  0000596c    00000040                                   : sprintf.c.obj (.text:sprintf)
                  000059ac    0000003e                                   : _printfi.c.obj (.text:_fcpy)
                  000059ea    00000002     --HOLE-- [fill = 0]
                  000059ec    00000038                                   : boot_cortex_m.c.obj (.text:_c_int00_noargs:_c_int00_noargs)
                  00005a24    0000002e                                   : i_tofd_t2.asm.obj (.text)
                  00005a52    00000002     --HOLE-- [fill = 0]
                  00005a54    00000020     driverlib.lib : sysctl.obj (.text:_SysCtlMemTimingGet)
                  00005a74    0000001c     rtsv7M4_T_le_v4SPD16_eabi.lib : memccpy.c.obj (.text:memccpy)
                  00005a90    00000018                                   : sprintf.c.obj (.text:_outs)
                  00005aa8    00000016                                   : strchr.c.obj (.text:strchr)
                  00005abe    00000014                                   : s_copysign.c.obj (.text:copysign)
                  00005ad2    00000014                                   : strlen.c.obj (.text:strlen)
                  00005ae6    00000012                                   : wcslen.c.obj (.text:wcslen)
                  00005af8    0000000e                                   : copy_decompress_none.c.obj (.text:decompress:none:__TI_decompress_none)
                  00005b06    0000000c                                   : copy_zero_init.c.obj (.text:decompress:ZI:__TI_zero_init)
                  00005b12    0000000c     tm4c1294ncpdt_startup_ccs.obj (.text)
                  00005b1e    0000000a     rtsv7M4_T_le_v4SPD16_eabi.lib : sprintf.c.obj (.text:_outc)
                  00005b28    00000008                                   : errno.c.obj (.text:__aeabi_errno_addr)
                  00005b30    00000008                                   : bzero.c.obj (.text:bzero)
                  00005b38    00000006     driverlib.lib : gpio.obj (.text:GPIOPinWrite)
                  00005b3e    00000004     rtsv7M4_T_le_v4SPD16_eabi.lib : pre_init.c.obj (.text:_system_pre_init)
                  00005b42    00000004                                   : exit.c.obj (.text:abort:abort)

.const     0    00005b48    0000038c     
                  00005b48    000001b0     driverlib.lib : sysctl.obj (.const:g_pppui32XTALtoVCO)
                  00005cf8    00000101     rtsv7M4_T_le_v4SPD16_eabi.lib : ctype.c.obj (.const:.string:_ctypes_)
                  00005df9    00000003     --HOLE-- [fill = 0]
                  00005dfc    0000006c     driverlib.lib : sysctl.obj (.const:g_pui32Xtals)
                  00005e68    00000030                   : sysctl.obj (.const:g_sXTALtoMEMTIM)
                  00005e98    00000012     uartstdio.obj (.const:.string)
                  00005eaa    00000002     --HOLE-- [fill = 0]
                  00005eac    0000000c     uartstdio.obj (.const:g_ui32UARTBase)
                  00005eb8    0000000c     uartstdio.obj (.const:g_ui32UARTPeriph)
                  00005ec4    00000008     driverlib.lib : sysctl.obj (.const)
                  00005ecc    00000004     port.obj (.const)
                  00005ed0    00000004     uartstdio.obj (.const)

.cinit     0    00005ed8    00000038     
                  00005ed8    0000000d     (.cinit..data.load) [load image, compression = lzss]
                  00005ee5    00000003     --HOLE-- [fill = 0]
                  00005ee8    0000000c     (__TI_handler_table)
                  00005ef4    00000004     --HOLE-- [fill = 0]
                  00005ef8    00000008     (.cinit..bss.load) [load image, compression = zero_init]
                  00005f00    00000010     (__TI_cinit_table)

.init_array 
*          0    00000000    00000000     UNINITIALIZED

.bss       0    20000000    0000c4a8     UNINITIALIZED
                  20000000    0000c350     heap_4.obj (.bss:ucHeap)
                  2000c350    00000064     tasks.obj (.bss:pxReadyTasksLists)
                  2000c3b4    00000040     (.common:xQueueRegistry)
                  2000c3f4    00000014     timers.obj (.bss:xActiveTimerList1)
                  2000c408    00000014     timers.obj (.bss:xActiveTimerList2)
                  2000c41c    00000014     tasks.obj (.bss:xDelayedTaskList1)
                  2000c430    00000014     tasks.obj (.bss:xDelayedTaskList2)
                  2000c444    00000014     tasks.obj (.bss:xPendingReadyList)
                  2000c458    00000014     tasks.obj (.bss:xSuspendedTaskList)
                  2000c46c    00000014     tasks.obj (.bss:xTasksWaitingTermination)
                  2000c480    00000008     tasks.obj (.bss)
                  2000c488    00000008     timers.obj (.bss)
                  2000c490    00000008     heap_4.obj (.bss:xStart)
                  2000c498    00000004     (.common:event_group)
                  2000c49c    00000004     (.common:print_queue)
                  2000c4a0    00000004     (.common:sem_2hz)
                  2000c4a4    00000004     (.common:sem_4hz)

.data      0    2000c6a8    0000005c     UNINITIALIZED
                  2000c6a8    00000030     tasks.obj (.data)
                  2000c6d8    00000010     heap_4.obj (.data)
                  2000c6e8    00000008     timers.obj (.data)
                  2000c6f0    00000005     uartstdio.obj (.data)
                  2000c6f5    00000003     --HOLE--
                  2000c6f8    00000004     main.obj (.data)
                  2000c6fc    00000004     port.obj (.data)
                  2000c700    00000004     rtsv7M4_T_le_v4SPD16_eabi.lib : errno.c.obj (.data)

.stack     0    2000c4a8    00000200     UNINITIALIZED
                  2000c4a8    00000004     rtsv7M4_T_le_v4SPD16_eabi.lib : boot_cortex_m.c.obj (.stack)
                  2000c4ac    000001fc     --HOLE--

MODULE SUMMARY

       Module                          code    ro data   rw data
       ------                          ----    -------   -------
    .\
       heap_4.obj                      700     0         50024  
       tasks.obj                       6096    0         256    
       queue.obj                       2568    0         64     
       timers.obj                      1332    0         56     
       uartstdio.obj                   1244    46        5      
       event_groups.obj                942     0         0      
       main.obj                        776     0         20     
       tm4c1294ncpdt_startup_ccs.obj   12      520       0      
       port.obj                        296     4         4      
       list.obj                        298     0         0      
       portasm.obj                     210     0         0      
    +--+-------------------------------+-------+---------+---------+
       Total:                          14474   570       50429  
                                                                
    C:/ti/TivaWare_C_Series-2.1.3.156/driverlib/ccs/Debug/driverlib.lib
       sysctl.obj                      596     596       0      
       gpio.obj                        6       0         0      
    +--+-------------------------------+-------+---------+---------+
       Total:                          602     596       0      
                                                                
    C:\ti\ccsv8\tools\compiler\ti-cgt-arm_18.1.1.LTS\lib\rtsv7M4_T_le_v4SPD16_eabi.lib
       _printfi.c.obj                  4863    0         0      
       fd_add_t2.asm.obj               438     0         0      
       fd_div_t2.asm.obj               310     0         0      
       s_scalbn.c.obj                  272     0         0      
       fd_cmp_t2.asm.obj               268     0         0      
       ctype.c.obj                     0       257       0      
       fd_mul_t2.asm.obj               252     0         0      
       memcpy_t2.asm.obj               156     0         0      
       ull_div_t2.asm.obj              150     0         0      
       memset_t2.asm.obj               122     0         0      
       copy_decompress_lzss.c.obj      104     0         0      
       s_frexp.c.obj                   100     0         0      
       sprintf.c.obj                   98      0         0      
       ltoa.c.obj                      84      0         0      
       atoi.c.obj                      76      0         0      
       fd_toi_t2.asm.obj               72      0         0      
       autoinit.c.obj                  68      0         0      
       u_divt2.asm.obj                 64      0         0      
       boot_cortex_m.c.obj             56      0         0      
       i_tofd_t2.asm.obj               46      0         0      
       memccpy.c.obj                   28      0         0      
       strchr.c.obj                    22      0         0      
       s_copysign.c.obj                20      0         0      
       strlen.c.obj                    20      0         0      
       wcslen.c.obj                    18      0         0      
       copy_decompress_none.c.obj      14      0         0      
       copy_zero_init.c.obj            12      0         0      
       errno.c.obj                     8       0         4      
       bzero.c.obj                     8       0         0      
       exit.c.obj                      4       0         0      
       pre_init.c.obj                  4       0         0      
       div0.asm.obj                    2       0         0      
    +--+-------------------------------+-------+---------+---------+
       Total:                          7759    257       4      
                                                                
       Stack:                          0       0         512    
       Linker Generated:               0       49        0      
    +--+-------------------------------+-------+---------+---------+
       Grand Total:                    22835   1472      50945  


LINKER GENERATED COPY TABLES

__TI_cinit_table @ 00005f00 records: 2, size/record: 8, table size: 16
	.data: load addr=00005ed8, load size=0000000d bytes, run addr=2000c6a8, run size=0000005c bytes, compression=lzss
	.bss: load addr=00005ef8, load size=00000008 bytes, run addr=20000000, run size=0000c4a8 bytes, compression=zero_init


LINKER GENERATED HANDLER TABLE

__TI_handler_table @ 00005ee8 records: 3, size/record: 4, table size: 12
	index: 0, handler: __TI_decompress_lzss
	index: 1, handler: __TI_decompress_none
	index: 2, handler: __TI_zero_init


GLOBAL SYMBOLS: SORTED ALPHABETICALLY BY Name 

address   name                             
-------   ----                             
00005b43  C$$EXIT                          
00005b39  GPIOPinWrite                     
00005b13  ResetISR                         
00004435  SysCtlClockFreqSet               
00003c01  Task_2Hz                         
00003c2d  Task_4Hz                         
00003c85  Task_EventHandler                
00003375  UARTStdioConfig                  
000034ed  UARTgetc                         
00003427  UARTgets                         
0000381b  UARTprintf                       
00003521  UARTvprintf                      
000033d5  UARTwrite                        
2000c6a8  __STACK_END                      
00000200  __STACK_SIZE                     
2000c6a8  __STACK_TOP                      
00005f00  __TI_CINIT_Base                  
00005f10  __TI_CINIT_Limit                 
00005ee8  __TI_Handler_Table_Base          
00005ef4  __TI_Handler_Table_Limit         
000058e9  __TI_auto_init_nobinit_nopinit   
00005645  __TI_decompress_lzss             
00005af9  __TI_decompress_none             
ffffffff  __TI_pprof_out_hndl              
000019d9  __TI_printfi                     
ffffffff  __TI_prof_data_size              
ffffffff  __TI_prof_data_start             
00000000  __TI_static_base__               
00005b07  __TI_zero_init                   
00005451  __aeabi_cdcmpeq                  
00005451  __aeabi_cdcmple                  
000054d7  __aeabi_cdrcmple                 
000058a1  __aeabi_d2iz                     
000047fb  __aeabi_dadd                     
00004ae5  __aeabi_ddiv                     
0000509d  __aeabi_dmul                     
000047f1  __aeabi_dsub                     
00005b29  __aeabi_errno_addr               
00005a25  __aeabi_i2d                      
00002437  __aeabi_idiv0                    
00002437  __aeabi_ldiv0                    
0000555d  __aeabi_memclr                   
0000555d  __aeabi_memclr4                  
0000555d  __aeabi_memclr8                  
0000531f  __aeabi_memcpy                   
0000531f  __aeabi_memcpy4                  
0000531f  __aeabi_memcpy8                  
0000555f  __aeabi_memset                   
0000555f  __aeabi_memset4                  
0000555f  __aeabi_memset8                  
0000592d  __aeabi_uidiv                    
0000592d  __aeabi_uidivmod                 
000053bb  __aeabi_uldivmod                 
ffffffff  __binit__                        
ffffffff  __c_args__                       
UNDEFED   __mpu_init                       
2000c4a8  __stack                          
000059ed  _c_int00_noargs                  
00005cf8  _ctypes_                         
UNDEFED   _system_post_cinit               
00005b3f  _system_pre_init                 
00005b43  abort                            
0000580d  atoi                             
ffffffff  binit                            
00005b31  bzero                            
00005abf  copysign                         
00005abf  copysignl                        
2000c700  errno                            
2000c498  event_group                      
000056ad  frexp                            
000056ad  frexpl                           
00000000  g_pfnVectors                     
00004f8d  ldexp                            
00004f8d  ldexpl                           
00005767  ltoa                             
00003d2d  main                             
00005a75  memccpy                          
0000531f  memcpy                           
00005565  memset                           
00002f3b  pcTimerGetTimerName              
2000c49c  print_queue                      
00003f09  pvPortMalloc                     
00001517  pvTaskIncrementMutexHeldCount    
00003325  pvTimerGetTimerID                
2000c6a8  pxCurrentTCB                     
00004d45  pxPortInitialiseStack            
00004f8d  scalbn                           
00004f8d  scalbnl                          
2000c4a0  sem_2hz                          
2000c4a4  sem_4hz                          
0000596d  sprintf                          
00005aa9  strchr                           
00005ad3  strlen                           
00003cf5  timer_callback                   
00002b59  ucQueueGetQueueType              
00005ecc  ulMaxSyscallInterruptPriority    
000051a9  ulPortGetIPSR                    
0000152f  ulTaskNotifyTake                 
00003bdf  uxEventGroupGetNumber            
00004cfd  uxListRemove                     
00002b39  uxQueueGetQueueNumber            
00002adb  uxQueueMessagesWaiting           
00002b11  uxQueueMessagesWaitingFromISR    
00002af1  uxQueueSpacesAvailable           
000009fd  uxTaskGetNumberOfTasks           
00000a0d  uxTaskGetSystemState             
00000f3f  uxTaskGetTaskNumber              
000004c3  uxTaskPriorityGet                
000004f5  uxTaskPriorityGetFromISR         
000014f5  uxTaskResetEventItemValue        
00003b99  vEventGroupClearBitsCallback     
00003b55  vEventGroupDelete                
00003b89  vEventGroupSetBitsCallback       
00004c1b  vListInitialise                  
00004c4b  vListInitialiseItem              
00004c97  vListInsert                      
00004c5b  vListInsertEnd                   
0000525d  vPortEnableVFP                   
00004de1  vPortEndScheduler                
00004de3  vPortEnterCritical               
00004e03  vPortExitCritical                
0000400b  vPortFree                        
00004069  vPortInitialiseBlocks            
00005221  vPortSVCHandler                  
00004e3f  vPortSetupTimerInterrupt         
00005241  vPortStartFirstTask              
00002d67  vQueueAddToRegistry              
00002b23  vQueueDelete                     
00002b47  vQueueSetQueueNumber             
00002da9  vQueueUnregisterQueue            
00002de3  vQueueWaitForMessageRestricted   
00000467  vTaskDelay                       
000003bf  vTaskDelayUntil                  
00000323  vTaskDelete                      
000008c9  vTaskEndScheduler                
00000f37  vTaskMissedYield                 
000018e1  vTaskNotifyGiveFromISR           
00000c6d  vTaskPlaceOnEventList            
00000d45  vTaskPlaceOnEventListRestricted  
00000ccd  vTaskPlaceOnUnorderedEventList   
0000139d  vTaskPriorityInherit             
00000549  vTaskPrioritySet                 
00000751  vTaskResume                      
00000f65  vTaskSetTaskNumber               
00000e97  vTaskSetTimeOutState             
00000865  vTaskStartScheduler              
0000065d  vTaskSuspend                     
000008e9  vTaskSuspendAll                  
00000c01  vTaskSwitchContext               
0000333f  vTimerSetTimerID                 
00005ae7  wcslen                           
00003a2b  xEventGroupClearBits             
00003851  xEventGroupCreate                
00003a57  xEventGroupGetBitsFromISR        
00003a87  xEventGroupSetBits               
00003871  xEventGroupSync                  
00003941  xEventGroupWaitBits              
0000405d  xPortGetFreeHeapSize             
00004063  xPortGetMinimumEverFreeHeapSize  
000051c1  xPortPendSVHandler               
00004dab  xPortStartScheduler              
00004e19  xPortSysTickHandler              
00002641  xQueueCreateCountingSemaphore    
00002545  xQueueCreateMutex                
000024d5  xQueueGenericCreate              
00002895  xQueueGenericReceive             
00002439  xQueueGenericReset               
00002661  xQueueGenericSend                
00002789  xQueueGenericSendFromISR         
00002815  xQueueGiveFromISR                
000025bb  xQueueGiveMutexRecursive         
00002d03  xQueueIsQueueEmptyFromISR        
00002d45  xQueueIsQueueFullFromISR         
00002a89  xQueuePeekFromISR                
00002a03  xQueueReceiveFromISR             
2000c3b4  xQueueRegistry                   
000025f7  xQueueTakeMutexRecursive         
00000ebd  xTaskCheckForTimeOut             
00000209  xTaskGenericCreate               
000016e7  xTaskGenericNotify               
000017d9  xTaskGenericNotifyFromISR        
00001351  xTaskGetCurrentTaskHandle        
00001369  xTaskGetSchedulerState           
000009d9  xTaskGetTickCount                
000009e9  xTaskGetTickCountFromISR         
00000add  xTaskIncrementTick               
00001987  xTaskNotifyStateClear            
000015fd  xTaskNotifyWait                  
00001457  xTaskPriorityDisinherit          
00000da9  xTaskRemoveFromEventList         
00000e29  xTaskRemoveFromUnorderedEventList
000008fd  xTaskResumeAll                   
000007d3  xTaskResumeFromISR               
00002e7b  xTimerCreate                     
00002e41  xTimerCreateTimerTask            
00002ecf  xTimerGenericCommand             
000032f9  xTimerIsTimerActive              


GLOBAL SYMBOLS: SORTED BY Symbol Address 

address   name                             
-------   ----                             
00000000  __TI_static_base__               
00000000  g_pfnVectors                     
00000200  __STACK_SIZE                     
00000209  xTaskGenericCreate               
00000323  vTaskDelete                      
000003bf  vTaskDelayUntil                  
00000467  vTaskDelay                       
000004c3  uxTaskPriorityGet                
000004f5  uxTaskPriorityGetFromISR         
00000549  vTaskPrioritySet                 
0000065d  vTaskSuspend                     
00000751  vTaskResume                      
000007d3  xTaskResumeFromISR               
00000865  vTaskStartScheduler              
000008c9  vTaskEndScheduler                
000008e9  vTaskSuspendAll                  
000008fd  xTaskResumeAll                   
000009d9  xTaskGetTickCount                
000009e9  xTaskGetTickCountFromISR         
000009fd  uxTaskGetNumberOfTasks           
00000a0d  uxTaskGetSystemState             
00000add  xTaskIncrementTick               
00000c01  vTaskSwitchContext               
00000c6d  vTaskPlaceOnEventList            
00000ccd  vTaskPlaceOnUnorderedEventList   
00000d45  vTaskPlaceOnEventListRestricted  
00000da9  xTaskRemoveFromEventList         
00000e29  xTaskRemoveFromUnorderedEventList
00000e97  vTaskSetTimeOutState             
00000ebd  xTaskCheckForTimeOut             
00000f37  vTaskMissedYield                 
00000f3f  uxTaskGetTaskNumber              
00000f65  vTaskSetTaskNumber               
00001351  xTaskGetCurrentTaskHandle        
00001369  xTaskGetSchedulerState           
0000139d  vTaskPriorityInherit             
00001457  xTaskPriorityDisinherit          
000014f5  uxTaskResetEventItemValue        
00001517  pvTaskIncrementMutexHeldCount    
0000152f  ulTaskNotifyTake                 
000015fd  xTaskNotifyWait                  
000016e7  xTaskGenericNotify               
000017d9  xTaskGenericNotifyFromISR        
000018e1  vTaskNotifyGiveFromISR           
00001987  xTaskNotifyStateClear            
000019d9  __TI_printfi                     
00002437  __aeabi_idiv0                    
00002437  __aeabi_ldiv0                    
00002439  xQueueGenericReset               
000024d5  xQueueGenericCreate              
00002545  xQueueCreateMutex                
000025bb  xQueueGiveMutexRecursive         
000025f7  xQueueTakeMutexRecursive         
00002641  xQueueCreateCountingSemaphore    
00002661  xQueueGenericSend                
00002789  xQueueGenericSendFromISR         
00002815  xQueueGiveFromISR                
00002895  xQueueGenericReceive             
00002a03  xQueueReceiveFromISR             
00002a89  xQueuePeekFromISR                
00002adb  uxQueueMessagesWaiting           
00002af1  uxQueueSpacesAvailable           
00002b11  uxQueueMessagesWaitingFromISR    
00002b23  vQueueDelete                     
00002b39  uxQueueGetQueueNumber            
00002b47  vQueueSetQueueNumber             
00002b59  ucQueueGetQueueType              
00002d03  xQueueIsQueueEmptyFromISR        
00002d45  xQueueIsQueueFullFromISR         
00002d67  vQueueAddToRegistry              
00002da9  vQueueUnregisterQueue            
00002de3  vQueueWaitForMessageRestricted   
00002e41  xTimerCreateTimerTask            
00002e7b  xTimerCreate                     
00002ecf  xTimerGenericCommand             
00002f3b  pcTimerGetTimerName              
000032f9  xTimerIsTimerActive              
00003325  pvTimerGetTimerID                
0000333f  vTimerSetTimerID                 
00003375  UARTStdioConfig                  
000033d5  UARTwrite                        
00003427  UARTgets                         
000034ed  UARTgetc                         
00003521  UARTvprintf                      
0000381b  UARTprintf                       
00003851  xEventGroupCreate                
00003871  xEventGroupSync                  
00003941  xEventGroupWaitBits              
00003a2b  xEventGroupClearBits             
00003a57  xEventGroupGetBitsFromISR        
00003a87  xEventGroupSetBits               
00003b55  vEventGroupDelete                
00003b89  vEventGroupSetBitsCallback       
00003b99  vEventGroupClearBitsCallback     
00003bdf  uxEventGroupGetNumber            
00003c01  Task_2Hz                         
00003c2d  Task_4Hz                         
00003c85  Task_EventHandler                
00003cf5  timer_callback                   
00003d2d  main                             
00003f09  pvPortMalloc                     
0000400b  vPortFree                        
0000405d  xPortGetFreeHeapSize             
00004063  xPortGetMinimumEverFreeHeapSize  
00004069  vPortInitialiseBlocks            
00004435  SysCtlClockFreqSet               
000047f1  __aeabi_dsub                     
000047fb  __aeabi_dadd                     
00004ae5  __aeabi_ddiv                     
00004c1b  vListInitialise                  
00004c4b  vListInitialiseItem              
00004c5b  vListInsertEnd                   
00004c97  vListInsert                      
00004cfd  uxListRemove                     
00004d45  pxPortInitialiseStack            
00004dab  xPortStartScheduler              
00004de1  vPortEndScheduler                
00004de3  vPortEnterCritical               
00004e03  vPortExitCritical                
00004e19  xPortSysTickHandler              
00004e3f  vPortSetupTimerInterrupt         
00004f8d  ldexp                            
00004f8d  ldexpl                           
00004f8d  scalbn                           
00004f8d  scalbnl                          
0000509d  __aeabi_dmul                     
000051a9  ulPortGetIPSR                    
000051c1  xPortPendSVHandler               
00005221  vPortSVCHandler                  
00005241  vPortStartFirstTask              
0000525d  vPortEnableVFP                   
0000531f  __aeabi_memcpy                   
0000531f  __aeabi_memcpy4                  
0000531f  __aeabi_memcpy8                  
0000531f  memcpy                           
000053bb  __aeabi_uldivmod                 
00005451  __aeabi_cdcmpeq                  
00005451  __aeabi_cdcmple                  
000054d7  __aeabi_cdrcmple                 
0000555d  __aeabi_memclr                   
0000555d  __aeabi_memclr4                  
0000555d  __aeabi_memclr8                  
0000555f  __aeabi_memset                   
0000555f  __aeabi_memset4                  
0000555f  __aeabi_memset8                  
00005565  memset                           
00005645  __TI_decompress_lzss             
000056ad  frexp                            
000056ad  frexpl                           
00005767  ltoa                             
0000580d  atoi                             
000058a1  __aeabi_d2iz                     
000058e9  __TI_auto_init_nobinit_nopinit   
0000592d  __aeabi_uidiv                    
0000592d  __aeabi_uidivmod                 
0000596d  sprintf                          
000059ed  _c_int00_noargs                  
00005a25  __aeabi_i2d                      
00005a75  memccpy                          
00005aa9  strchr                           
00005abf  copysign                         
00005abf  copysignl                        
00005ad3  strlen                           
00005ae7  wcslen                           
00005af9  __TI_decompress_none             
00005b07  __TI_zero_init                   
00005b13  ResetISR                         
00005b29  __aeabi_errno_addr               
00005b31  bzero                            
00005b39  GPIOPinWrite                     
00005b3f  _system_pre_init                 
00005b43  C$$EXIT                          
00005b43  abort                            
00005cf8  _ctypes_                         
00005ecc  ulMaxSyscallInterruptPriority    
00005ee8  __TI_Handler_Table_Base          
00005ef4  __TI_Handler_Table_Limit         
00005f00  __TI_CINIT_Base                  
00005f10  __TI_CINIT_Limit                 
2000c3b4  xQueueRegistry                   
2000c498  event_group                      
2000c49c  print_queue                      
2000c4a0  sem_2hz                          
2000c4a4  sem_4hz                          
2000c4a8  __stack                          
2000c6a8  __STACK_END                      
2000c6a8  __STACK_TOP                      
2000c6a8  pxCurrentTCB                     
2000c700  errno                            
ffffffff  __TI_pprof_out_hndl              
ffffffff  __TI_prof_data_size              
ffffffff  __TI_prof_data_start             
ffffffff  __binit__                        
ffffffff  __c_args__                       
ffffffff  binit                            
UNDEFED   __mpu_init                       
UNDEFED   _system_post_cinit               

[197 symbols]
