******************************************************************************
                  TI ARM Linker PC v18.1.1                     
******************************************************************************
>> Linked Sat Apr  7 19:14:08 2018

OUTPUT FILE NAME:   <q1.out>
ENTRY POINT SYMBOL: "_c_int00_noargs"  address: 000022fd


MEMORY CONFIGURATION

         name            origin    length      used     unused   attr    fill
----------------------  --------  ---------  --------  --------  ----  --------
  FLASH                 00000000   00100000  000027e8  000fd818  R  X
  SRAM                  20000000   00040000  00000208  0003fdf8  RW X


SEGMENT ALLOCATION MAP

run origin  load origin   length   init length attrs members
----------  ----------- ---------- ----------- ----- -------
00000000    00000000    000027e8   000027e8    r-x
  00000000    00000000    00000208   00000208    r-- .intvecs
  00000208    00000208    00002258   00002258    r-x .text
  00002460    00002460    00000358   00000358    r-- .const
  000027b8    000027b8    00000030   00000030    r-- .cinit
20000000    20000000    00000208   00000000    rw-
  20000000    20000000    00000200   00000000    rw- .stack
  20000200    20000200    00000004   00000000    rw- .bss
  20000204    20000204    00000004   00000000    rw- .data


SECTION ALLOCATION MAP

 output                                  attributes/
section   page    origin      length       input sections
--------  ----  ----------  ----------   ----------------
.intvecs   0    00000000    00000208     
                  00000000    00000208     tm4c1294ncpdt_startup_ccs.obj (.intvecs)

.text      0    00000208    00002258     
                  00000208    00000a5e     rtsv7M4_T_le_v4SPD16_eabi.lib : _printfi.c.obj (.text:__TI_printfi)
                  00000c66    00000002                                   : div0.asm.obj (.text)
                  00000c68    00000270                                   : _printfi.c.obj (.text:_pconv_a)
                  00000ed8    000001ec     driverlib.lib : sysctl.obj (.text:SysCtlClockFreqSet)
                  000010c4    000001d0     rtsv7M4_T_le_v4SPD16_eabi.lib : _printfi.c.obj (.text:_pconv_g)
                  00001294    000001d0     main.obj (.text)
                  00001464    000001b6     rtsv7M4_T_le_v4SPD16_eabi.lib : fd_add_t2.asm.obj (.text)
                  0000161a    00000002     --HOLE-- [fill = 0]
                  0000161c    0000013c                                   : _printfi.c.obj (.text:_pconv_e)
                  00001758    00000136                                   : fd_div_t2.asm.obj (.text)
                  0000188e    00000002     --HOLE-- [fill = 0]
                  00001890    00000120                                   : _printfi.c.obj (.text:fcvt)
                  000019b0    00000110                                   : s_scalbn.c.obj (.text:scalbn)
                  00001ac0    000000fc                                   : fd_mul_t2.asm.obj (.text)
                  00001bbc    000000b1                                   : _printfi.c.obj (.text:_ltostr)
                  00001c6d    00000001     --HOLE-- [fill = 0]
                  00001c6e    0000009c                                   : memcpy_t2.asm.obj (.text)
                  00001d0a    00000096                                   : ull_div_t2.asm.obj (.text)
                  00001da0    00000086                                   : fd_cmp_t2.asm.obj (.text:__aeabi_cdcmple)
                  00001e26    00000086                                   : fd_cmp_t2.asm.obj (.text:__aeabi_cdrcmple)
                  00001eac    0000007a                                   : memset_t2.asm.obj (.text)
                  00001f26    0000006e                                   : _printfi.c.obj (.text:_mcpy)
                  00001f94    00000068                                   : copy_decompress_lzss.c.obj (.text:decompress:lzss:__TI_decompress_lzss)
                  00001ffc    00000064                                   : s_frexp.c.obj (.text:frexp)
                  00002060    00000056                                   : _printfi.c.obj (.text:_pconv_f)
                  000020b6    00000054                                   : ltoa.c.obj (.text:ltoa)
                  0000210a    00000052                                   : _printfi.c.obj (.text:_ecpy)
                  0000215c    0000004c                                   : atoi.c.obj (.text:atoi)
                  000021a8    00000048     driverlib.lib : sysctl.obj (.text:_SysCtlFrequencyGet)
                  000021f0    00000048     rtsv7M4_T_le_v4SPD16_eabi.lib : fd_toi_t2.asm.obj (.text)
                  00002238    00000044                                   : autoinit.c.obj (.text:__TI_auto_init_nobinit_nopinit:__TI_auto_init_nobinit_nopinit)
                  0000227c    00000040                                   : sprintf.c.obj (.text:sprintf)
                  000022bc    0000003e                                   : _printfi.c.obj (.text:_fcpy)
                  000022fa    00000002     --HOLE-- [fill = 0]
                  000022fc    00000038                                   : boot_cortex_m.c.obj (.text:_c_int00_noargs:_c_int00_noargs)
                  00002334    0000002e                                   : i_tofd_t2.asm.obj (.text)
                  00002362    00000002     --HOLE-- [fill = 0]
                  00002364    00000020     driverlib.lib : sysctl.obj (.text:_SysCtlMemTimingGet)
                  00002384    0000001c     rtsv7M4_T_le_v4SPD16_eabi.lib : memccpy.c.obj (.text:memccpy)
                  000023a0    00000018                                   : sprintf.c.obj (.text:_outs)
                  000023b8    00000016                                   : strchr.c.obj (.text:strchr)
                  000023ce    00000014                                   : s_copysign.c.obj (.text:copysign)
                  000023e2    00000014                                   : strlen.c.obj (.text:strlen)
                  000023f6    00000012                                   : copy_zero_init.c.obj (.text:decompress:ZI:__TI_zero_init_nomemset:__TI_zero_init_nomemset)
                  00002408    00000012                                   : wcslen.c.obj (.text:wcslen)
                  0000241a    0000000e                                   : copy_decompress_none.c.obj (.text:decompress:none:__TI_decompress_none)
                  00002428    0000000c     tm4c1294ncpdt_startup_ccs.obj (.text)
                  00002434    0000000a     driverlib.lib : uart.obj (.text:UARTCharPut)
                  0000243e    0000000a     rtsv7M4_T_le_v4SPD16_eabi.lib : sprintf.c.obj (.text:_outc)
                  00002448    00000008                                   : errno.c.obj (.text:__aeabi_errno_addr)
                  00002450    00000008                                   : bzero.c.obj (.text:bzero)
                  00002458    00000004                                   : pre_init.c.obj (.text:_system_pre_init)
                  0000245c    00000004                                   : exit.c.obj (.text:abort:abort)

.const     0    00002460    00000358     
                  00002460    000001b0     driverlib.lib : sysctl.obj (.const:g_pppui32XTALtoVCO)
                  00002610    00000101     rtsv7M4_T_le_v4SPD16_eabi.lib : ctype.c.obj (.const:.string:_ctypes_)
                  00002711    00000003     --HOLE-- [fill = 0]
                  00002714    0000006c     driverlib.lib : sysctl.obj (.const:g_pui32Xtals)
                  00002780    00000030                   : sysctl.obj (.const:g_sXTALtoMEMTIM)
                  000027b0    00000008                   : sysctl.obj (.const)

.cinit     0    000027b8    00000030     
                  000027b8    0000000c     (__TI_handler_table)
                  000027c4    00000004     --HOLE-- [fill = 0]
                  000027c8    00000008     (.cinit..bss.load) [load image, compression = zero_init]
                  000027d0    00000007     (.cinit..data.load) [load image, compression = lzss]
                  000027d7    00000001     --HOLE-- [fill = 0]
                  000027d8    00000010     (__TI_cinit_table)

.init_array 
*          0    00000000    00000000     UNINITIALIZED

.bss       0    20000200    00000004     UNINITIALIZED
                  20000200    00000004     (.common:g_ui32SysClock)

.data      0    20000204    00000004     UNINITIALIZED
                  20000204    00000004     rtsv7M4_T_le_v4SPD16_eabi.lib : errno.c.obj (.data)

.stack     0    20000000    00000200     UNINITIALIZED
                  20000000    00000004     rtsv7M4_T_le_v4SPD16_eabi.lib : boot_cortex_m.c.obj (.stack)
                  20000004    000001fc     --HOLE--

MODULE SUMMARY

       Module                          code   ro data   rw data
       ------                          ----   -------   -------
    .\
       tm4c1294ncpdt_startup_ccs.obj   12     520       0      
       main.obj                        464    0         4      
    +--+-------------------------------+------+---------+---------+
       Total:                          476    520       4      
                                                               
    C:/ti/TivaWare_C_Series-2.1.3.156/driverlib/ccs/Debug/driverlib.lib
       sysctl.obj                      596    596       0      
       uart.obj                        10     0         0      
    +--+-------------------------------+------+---------+---------+
       Total:                          606    596       0      
                                                               
    C:\ti\ccsv8\tools\compiler\ti-cgt-arm_18.1.1.LTS\lib\rtsv7M4_T_le_v4SPD16_eabi.lib
       _printfi.c.obj                  4863   0         0      
       fd_add_t2.asm.obj               438    0         0      
       fd_div_t2.asm.obj               310    0         0      
       s_scalbn.c.obj                  272    0         0      
       fd_cmp_t2.asm.obj               268    0         0      
       ctype.c.obj                     0      257       0      
       fd_mul_t2.asm.obj               252    0         0      
       memcpy_t2.asm.obj               156    0         0      
       ull_div_t2.asm.obj              150    0         0      
       memset_t2.asm.obj               122    0         0      
       copy_decompress_lzss.c.obj      104    0         0      
       s_frexp.c.obj                   100    0         0      
       sprintf.c.obj                   98     0         0      
       ltoa.c.obj                      84     0         0      
       atoi.c.obj                      76     0         0      
       fd_toi_t2.asm.obj               72     0         0      
       autoinit.c.obj                  68     0         0      
       boot_cortex_m.c.obj             56     0         0      
       i_tofd_t2.asm.obj               46     0         0      
       memccpy.c.obj                   28     0         0      
       strchr.c.obj                    22     0         0      
       s_copysign.c.obj                20     0         0      
       strlen.c.obj                    20     0         0      
       copy_zero_init.c.obj            18     0         0      
       wcslen.c.obj                    18     0         0      
       copy_decompress_none.c.obj      14     0         0      
       errno.c.obj                     8      0         4      
       bzero.c.obj                     8      0         0      
       exit.c.obj                      4      0         0      
       pre_init.c.obj                  4      0         0      
       div0.asm.obj                    2      0         0      
    +--+-------------------------------+------+---------+---------+
       Total:                          7701   257       4      
                                                               
       Stack:                          0      0         512    
       Linker Generated:               0      43        0      
    +--+-------------------------------+------+---------+---------+
       Grand Total:                    8783   1416      520    


LINKER GENERATED COPY TABLES

__TI_cinit_table @ 000027d8 records: 2, size/record: 8, table size: 16
	.bss: load addr=000027c8, load size=00000008 bytes, run addr=20000200, run size=00000004 bytes, compression=zero_init
	.data: load addr=000027d0, load size=00000007 bytes, run addr=20000204, run size=00000004 bytes, compression=lzss


LINKER GENERATED HANDLER TABLE

__TI_handler_table @ 000027b8 records: 3, size/record: 4, table size: 12
	index: 0, handler: __TI_decompress_lzss
	index: 1, handler: __TI_decompress_none
	index: 2, handler: __TI_zero_init


GLOBAL SYMBOLS: SORTED ALPHABETICALLY BY Name 

address   name                          
-------   ----                          
0000245d  C$$EXIT                       
00002429  ResetISR                      
00000ed9  SysCtlClockFreqSet            
00002435  UARTCharPut                   
00001295  UARTSend                      
20000200  __STACK_END                   
00000200  __STACK_SIZE                  
20000200  __STACK_TOP                   
000027d8  __TI_CINIT_Base               
000027e8  __TI_CINIT_Limit              
000027b8  __TI_Handler_Table_Base       
000027c4  __TI_Handler_Table_Limit      
00002239  __TI_auto_init_nobinit_nopinit
00001f95  __TI_decompress_lzss          
0000241b  __TI_decompress_none          
ffffffff  __TI_pprof_out_hndl           
00000209  __TI_printfi                  
ffffffff  __TI_prof_data_size           
ffffffff  __TI_prof_data_start          
00000000  __TI_static_base__            
000023f7  __TI_zero_init_nomemset       
00001da1  __aeabi_cdcmpeq               
00001da1  __aeabi_cdcmple               
00001e27  __aeabi_cdrcmple              
000021f1  __aeabi_d2iz                  
0000146f  __aeabi_dadd                  
00001759  __aeabi_ddiv                  
00001ac1  __aeabi_dmul                  
00001465  __aeabi_dsub                  
00002449  __aeabi_errno_addr            
00002335  __aeabi_i2d                   
00000c67  __aeabi_idiv0                 
00000c67  __aeabi_ldiv0                 
00001ead  __aeabi_memclr                
00001ead  __aeabi_memclr4               
00001ead  __aeabi_memclr8               
00001c6f  __aeabi_memcpy                
00001c6f  __aeabi_memcpy4               
00001c6f  __aeabi_memcpy8               
00001eaf  __aeabi_memset                
00001eaf  __aeabi_memset4               
00001eaf  __aeabi_memset8               
00001d0b  __aeabi_uldivmod              
ffffffff  __binit__                     
ffffffff  __c_args__                    
UNDEFED   __mpu_init                    
20000000  __stack                       
000022fd  _c_int00_noargs               
00002610  _ctypes_                      
UNDEFED   _system_post_cinit            
00002459  _system_pre_init              
0000245d  abort                         
0000215d  atoi                          
ffffffff  binit                         
00002451  bzero                         
000023cf  copysign                      
000023cf  copysignl                     
20000204  errno                         
00001ffd  frexp                         
00001ffd  frexpl                        
00000000  g_pfnVectors                  
20000200  g_ui32SysClock                
000019b1  ldexp                         
000019b1  ldexpl                        
000020b7  ltoa                          
000012bd  main                          
00002385  memccpy                       
00001c6f  memcpy                        
00001eb5  memset                        
000019b1  scalbn                        
000019b1  scalbnl                       
0000227d  sprintf                       
000023b9  strchr                        
000023e3  strlen                        
00002409  wcslen                        


GLOBAL SYMBOLS: SORTED BY Symbol Address 

address   name                          
-------   ----                          
00000000  __TI_static_base__            
00000000  g_pfnVectors                  
00000200  __STACK_SIZE                  
00000209  __TI_printfi                  
00000c67  __aeabi_idiv0                 
00000c67  __aeabi_ldiv0                 
00000ed9  SysCtlClockFreqSet            
00001295  UARTSend                      
000012bd  main                          
00001465  __aeabi_dsub                  
0000146f  __aeabi_dadd                  
00001759  __aeabi_ddiv                  
000019b1  ldexp                         
000019b1  ldexpl                        
000019b1  scalbn                        
000019b1  scalbnl                       
00001ac1  __aeabi_dmul                  
00001c6f  __aeabi_memcpy                
00001c6f  __aeabi_memcpy4               
00001c6f  __aeabi_memcpy8               
00001c6f  memcpy                        
00001d0b  __aeabi_uldivmod              
00001da1  __aeabi_cdcmpeq               
00001da1  __aeabi_cdcmple               
00001e27  __aeabi_cdrcmple              
00001ead  __aeabi_memclr                
00001ead  __aeabi_memclr4               
00001ead  __aeabi_memclr8               
00001eaf  __aeabi_memset                
00001eaf  __aeabi_memset4               
00001eaf  __aeabi_memset8               
00001eb5  memset                        
00001f95  __TI_decompress_lzss          
00001ffd  frexp                         
00001ffd  frexpl                        
000020b7  ltoa                          
0000215d  atoi                          
000021f1  __aeabi_d2iz                  
00002239  __TI_auto_init_nobinit_nopinit
0000227d  sprintf                       
000022fd  _c_int00_noargs               
00002335  __aeabi_i2d                   
00002385  memccpy                       
000023b9  strchr                        
000023cf  copysign                      
000023cf  copysignl                     
000023e3  strlen                        
000023f7  __TI_zero_init_nomemset       
00002409  wcslen                        
0000241b  __TI_decompress_none          
00002429  ResetISR                      
00002435  UARTCharPut                   
00002449  __aeabi_errno_addr            
00002451  bzero                         
00002459  _system_pre_init              
0000245d  C$$EXIT                       
0000245d  abort                         
00002610  _ctypes_                      
000027b8  __TI_Handler_Table_Base       
000027c4  __TI_Handler_Table_Limit      
000027d8  __TI_CINIT_Base               
000027e8  __TI_CINIT_Limit              
20000000  __stack                       
20000200  __STACK_END                   
20000200  __STACK_TOP                   
20000200  g_ui32SysClock                
20000204  errno                         
ffffffff  __TI_pprof_out_hndl           
ffffffff  __TI_prof_data_size           
ffffffff  __TI_prof_data_start          
ffffffff  __binit__                     
ffffffff  __c_args__                    
ffffffff  binit                         
UNDEFED   __mpu_init                    
UNDEFED   _system_post_cinit            

[75 symbols]
