******************************************************************************
                  TI ARM Linker PC v18.1.1                     
******************************************************************************
>> Linked Sun Apr  8 22:26:47 2018

OUTPUT FILE NAME:   <q1.out>
ENTRY POINT SYMBOL: "_c_int00_noargs"  address: 00000be1


MEMORY CONFIGURATION

         name            origin    length      used     unused   attr    fill
----------------------  --------  ---------  --------  --------  ----  --------
  FLASH                 00000000   00100000  00000ef8  000ff108  R  X
  SRAM                  20000000   00040000  00000205  0003fdfb  RW X


SEGMENT ALLOCATION MAP

run origin  load origin   length   init length attrs members
----------  ----------- ---------- ----------- ----- -------
00000000    00000000    00000ef8   00000ef8    r-x
  00000000    00000000    00000208   00000208    r-- .intvecs
  00000208    00000208    00000a54   00000a54    r-x .text
  00000c5c    00000c5c    00000284   00000284    r-- .const
  00000ee0    00000ee0    00000018   00000018    r-- .cinit
20000000    20000000    00000205   00000000    rw-
  20000000    20000000    00000200   00000000    rw- .stack
  20000200    20000200    00000005   00000000    rw- .data


SECTION ALLOCATION MAP

 output                                  attributes/
section   page    origin      length       input sections
--------  ----  ----------  ----------   ----------------
.intvecs   0    00000000    00000208     
                  00000000    00000208     tm4c1294ncpdt_startup_ccs.obj (.intvecs)

.text      0    00000208    00000a54     
                  00000208    000004dc     uartstdio.obj (.text)
                  000006e4    000001ec     driverlib.lib : sysctl.obj (.text:SysCtlClockFreqSet)
                  000008d0    00000140     main.obj (.text)
                  00000a10    0000009c     rtsv7M4_T_le_v4SPD16_eabi.lib : memcpy_t2.asm.obj (.text)
                  00000aac    00000068                                   : copy_decompress_lzss.c.obj (.text:decompress:lzss:__TI_decompress_lzss)
                  00000b14    00000048     driverlib.lib : sysctl.obj (.text:_SysCtlFrequencyGet)
                  00000b5c    00000044     rtsv7M4_T_le_v4SPD16_eabi.lib : autoinit.c.obj (.text:__TI_auto_init_nobinit_nopinit:__TI_auto_init_nobinit_nopinit)
                  00000ba0    00000040                                   : u_divt2.asm.obj (.text)
                  00000be0    00000038                                   : boot_cortex_m.c.obj (.text:_c_int00_noargs:_c_int00_noargs)
                  00000c18    00000020     driverlib.lib : sysctl.obj (.text:_SysCtlMemTimingGet)
                  00000c38    0000000e     rtsv7M4_T_le_v4SPD16_eabi.lib : copy_decompress_none.c.obj (.text:decompress:none:__TI_decompress_none)
                  00000c46    0000000c     tm4c1294ncpdt_startup_ccs.obj (.text)
                  00000c52    00000004     rtsv7M4_T_le_v4SPD16_eabi.lib : pre_init.c.obj (.text:_system_pre_init)
                  00000c56    00000004                                   : exit.c.obj (.text:abort:abort)
                  00000c5a    00000002                                   : div0.asm.obj (.text)

.const     0    00000c5c    00000284     
                  00000c5c    000001b0     driverlib.lib : sysctl.obj (.const:g_pppui32XTALtoVCO)
                  00000e0c    0000006c                   : sysctl.obj (.const:g_pui32Xtals)
                  00000e78    00000030                   : sysctl.obj (.const:g_sXTALtoMEMTIM)
                  00000ea8    00000012     uartstdio.obj (.const:.string)
                  00000eba    00000002     --HOLE-- [fill = 0]
                  00000ebc    0000000c     uartstdio.obj (.const:g_ui32UARTBase)
                  00000ec8    0000000c     uartstdio.obj (.const:g_ui32UARTPeriph)
                  00000ed4    00000008     driverlib.lib : sysctl.obj (.const)
                  00000edc    00000004     uartstdio.obj (.const)

.cinit     0    00000ee0    00000018     
                  00000ee0    00000008     (__TI_handler_table)
                  00000ee8    00000007     (.cinit..data.load) [load image, compression = lzss]
                  00000eef    00000001     --HOLE-- [fill = 0]
                  00000ef0    00000008     (__TI_cinit_table)

.init_array 
*          0    00000000    00000000     UNINITIALIZED

.data      0    20000200    00000005     UNINITIALIZED
                  20000200    00000005     uartstdio.obj (.data)

.stack     0    20000000    00000200     UNINITIALIZED
                  20000000    00000004     rtsv7M4_T_le_v4SPD16_eabi.lib : boot_cortex_m.c.obj (.stack)
                  20000004    000001fc     --HOLE--

MODULE SUMMARY

       Module                          code   ro data   rw data
       ------                          ----   -------   -------
    .\
       uartstdio.obj                   1244   46        5      
       tm4c1294ncpdt_startup_ccs.obj   12     520       0      
       main.obj                        320    0         0      
    +--+-------------------------------+------+---------+---------+
       Total:                          1576   566       5      
                                                               
    C:/ti/TivaWare_C_Series-2.1.3.156/driverlib/ccs/Debug/driverlib.lib
       sysctl.obj                      596    596       0      
    +--+-------------------------------+------+---------+---------+
       Total:                          596    596       0      
                                                               
    C:\ti\ccsv8\tools\compiler\ti-cgt-arm_18.1.1.LTS\lib\rtsv7M4_T_le_v4SPD16_eabi.lib
       memcpy_t2.asm.obj               156    0         0      
       copy_decompress_lzss.c.obj      104    0         0      
       autoinit.c.obj                  68     0         0      
       u_divt2.asm.obj                 64     0         0      
       boot_cortex_m.c.obj             56     0         0      
       copy_decompress_none.c.obj      14     0         0      
       exit.c.obj                      4      0         0      
       pre_init.c.obj                  4      0         0      
       div0.asm.obj                    2      0         0      
    +--+-------------------------------+------+---------+---------+
       Total:                          472    0         0      
                                                               
       Stack:                          0      0         512    
       Linker Generated:               0      23        0      
    +--+-------------------------------+------+---------+---------+
       Grand Total:                    2644   1185      517    


LINKER GENERATED COPY TABLES

__TI_cinit_table @ 00000ef0 records: 1, size/record: 8, table size: 8
	.data: load addr=00000ee8, load size=00000007 bytes, run addr=20000200, run size=00000005 bytes, compression=lzss


LINKER GENERATED HANDLER TABLE

__TI_handler_table @ 00000ee0 records: 2, size/record: 4, table size: 8
	index: 0, handler: __TI_decompress_lzss
	index: 1, handler: __TI_decompress_none


GLOBAL SYMBOLS: SORTED ALPHABETICALLY BY Name 

address   name                          
-------   ----                          
00000c57  C$$EXIT                       
00000c47  ResetISR                      
000006e5  SysCtlClockFreqSet            
00000209  UARTStdioConfig               
00000381  UARTgetc                      
000002bb  UARTgets                      
000006af  UARTprintf                    
000003b5  UARTvprintf                   
00000269  UARTwrite                     
20000200  __STACK_END                   
00000200  __STACK_SIZE                  
20000200  __STACK_TOP                   
00000ef0  __TI_CINIT_Base               
00000ef8  __TI_CINIT_Limit              
00000ee0  __TI_Handler_Table_Base       
00000ee8  __TI_Handler_Table_Limit      
00000b5d  __TI_auto_init_nobinit_nopinit
00000aad  __TI_decompress_lzss          
00000c39  __TI_decompress_none          
ffffffff  __TI_pprof_out_hndl           
ffffffff  __TI_prof_data_size           
ffffffff  __TI_prof_data_start          
00000000  __TI_static_base__            
00000c5b  __aeabi_idiv0                 
00000c5b  __aeabi_ldiv0                 
00000a11  __aeabi_memcpy                
00000a11  __aeabi_memcpy4               
00000a11  __aeabi_memcpy8               
00000ba1  __aeabi_uidiv                 
00000ba1  __aeabi_uidivmod              
ffffffff  __binit__                     
ffffffff  __c_args__                    
UNDEFED   __mpu_init                    
20000000  __stack                       
00000be1  _c_int00_noargs               
UNDEFED   _system_post_cinit            
00000c53  _system_pre_init              
00000c57  abort                         
ffffffff  binit                         
00000000  g_pfnVectors                  
000008d1  main                          
00000a11  memcpy                        


GLOBAL SYMBOLS: SORTED BY Symbol Address 

address   name                          
-------   ----                          
00000000  __TI_static_base__            
00000000  g_pfnVectors                  
00000200  __STACK_SIZE                  
00000209  UARTStdioConfig               
00000269  UARTwrite                     
000002bb  UARTgets                      
00000381  UARTgetc                      
000003b5  UARTvprintf                   
000006af  UARTprintf                    
000006e5  SysCtlClockFreqSet            
000008d1  main                          
00000a11  __aeabi_memcpy                
00000a11  __aeabi_memcpy4               
00000a11  __aeabi_memcpy8               
00000a11  memcpy                        
00000aad  __TI_decompress_lzss          
00000b5d  __TI_auto_init_nobinit_nopinit
00000ba1  __aeabi_uidiv                 
00000ba1  __aeabi_uidivmod              
00000be1  _c_int00_noargs               
00000c39  __TI_decompress_none          
00000c47  ResetISR                      
00000c53  _system_pre_init              
00000c57  C$$EXIT                       
00000c57  abort                         
00000c5b  __aeabi_idiv0                 
00000c5b  __aeabi_ldiv0                 
00000ee0  __TI_Handler_Table_Base       
00000ee8  __TI_Handler_Table_Limit      
00000ef0  __TI_CINIT_Base               
00000ef8  __TI_CINIT_Limit              
20000000  __stack                       
20000200  __STACK_END                   
20000200  __STACK_TOP                   
ffffffff  __TI_pprof_out_hndl           
ffffffff  __TI_prof_data_size           
ffffffff  __TI_prof_data_start          
ffffffff  __binit__                     
ffffffff  __c_args__                    
ffffffff  binit                         
UNDEFED   __mpu_init                    
UNDEFED   _system_post_cinit            

[42 symbols]
