<?xml version="1.0" encoding="ISO-8859-1" ?>
<link_info>
   <banner>TI ARM Linker PC v18.1.1.LTS</banner>
   <copyright>Copyright (c) 1996-2017 Texas Instruments Incorporated</copyright>
   <link_time>0x5ac96ce0</link_time>
   <link_errors>0x0</link_errors>
   <output_file>q1.out</output_file>
   <entry_point>
      <name>_c_int00_noargs</name>
      <address>0x22fd</address>
   </entry_point>
   <input_file_list>
      <input_file id="fl-2">
         <path>.\</path>
         <kind>object</kind>
         <file>main.obj</file>
         <name>main.obj</name>
      </input_file>
      <input_file id="fl-3">
         <path>.\</path>
         <kind>object</kind>
         <file>tm4c1294ncpdt_startup_ccs.obj</file>
         <name>tm4c1294ncpdt_startup_ccs.obj</name>
      </input_file>
      <input_file id="fl-8">
         <kind>object</kind>
         <file>&lt;internal&gt;</file>
         <name>&lt;internal&gt;</name>
      </input_file>
      <input_file id="fl-be">
         <path>C:\ti\ccsv8\tools\compiler\ti-cgt-arm_18.1.1.LTS\lib\</path>
         <kind>archive</kind>
         <file>rtsv7M4_T_le_v4SPD16_eabi.lib</file>
         <name>copy_zero_init.c.obj</name>
      </input_file>
      <input_file id="fl-bf">
         <path>C:\ti\ccsv8\tools\compiler\ti-cgt-arm_18.1.1.LTS\lib\</path>
         <kind>archive</kind>
         <file>rtsv7M4_T_le_v4SPD16_eabi.lib</file>
         <name>copy_decompress_none.c.obj</name>
      </input_file>
      <input_file id="fl-c0">
         <path>C:\ti\ccsv8\tools\compiler\ti-cgt-arm_18.1.1.LTS\lib\</path>
         <kind>archive</kind>
         <file>rtsv7M4_T_le_v4SPD16_eabi.lib</file>
         <name>copy_decompress_lzss.c.obj</name>
      </input_file>
      <input_file id="fl-c1">
         <path>C:\ti\ccsv8\tools\compiler\ti-cgt-arm_18.1.1.LTS\lib\</path>
         <kind>archive</kind>
         <file>rtsv7M4_T_le_v4SPD16_eabi.lib</file>
         <name>boot_cortex_m.c.obj</name>
      </input_file>
      <input_file id="fl-c2">
         <path>C:\ti\ccsv8\tools\compiler\ti-cgt-arm_18.1.1.LTS\lib\</path>
         <kind>archive</kind>
         <file>rtsv7M4_T_le_v4SPD16_eabi.lib</file>
         <name>exit.c.obj</name>
      </input_file>
      <input_file id="fl-c3">
         <path>C:\ti\ccsv8\tools\compiler\ti-cgt-arm_18.1.1.LTS\lib\</path>
         <kind>archive</kind>
         <file>rtsv7M4_T_le_v4SPD16_eabi.lib</file>
         <name>_lock.c.obj</name>
      </input_file>
      <input_file id="fl-c4">
         <path>C:\ti\ccsv8\tools\compiler\ti-cgt-arm_18.1.1.LTS\lib\</path>
         <kind>archive</kind>
         <file>rtsv7M4_T_le_v4SPD16_eabi.lib</file>
         <name>args_main.c.obj</name>
      </input_file>
      <input_file id="fl-c5">
         <path>C:\ti\ccsv8\tools\compiler\ti-cgt-arm_18.1.1.LTS\lib\</path>
         <kind>archive</kind>
         <file>rtsv7M4_T_le_v4SPD16_eabi.lib</file>
         <name>bzero.c.obj</name>
      </input_file>
      <input_file id="fl-c6">
         <path>C:\ti\ccsv8\tools\compiler\ti-cgt-arm_18.1.1.LTS\lib\</path>
         <kind>archive</kind>
         <file>rtsv7M4_T_le_v4SPD16_eabi.lib</file>
         <name>sprintf.c.obj</name>
      </input_file>
      <input_file id="fl-c7">
         <path>C:\ti\ccsv8\tools\compiler\ti-cgt-arm_18.1.1.LTS\lib\</path>
         <kind>archive</kind>
         <file>rtsv7M4_T_le_v4SPD16_eabi.lib</file>
         <name>strlen.c.obj</name>
      </input_file>
      <input_file id="fl-c8">
         <path>C:\ti\ccsv8\tools\compiler\ti-cgt-arm_18.1.1.LTS\lib\</path>
         <kind>archive</kind>
         <file>rtsv7M4_T_le_v4SPD16_eabi.lib</file>
         <name>memcpy_t2.asm.obj</name>
      </input_file>
      <input_file id="fl-c9">
         <path>C:\ti\ccsv8\tools\compiler\ti-cgt-arm_18.1.1.LTS\lib\</path>
         <kind>archive</kind>
         <file>rtsv7M4_T_le_v4SPD16_eabi.lib</file>
         <name>memset_t2.asm.obj</name>
      </input_file>
      <input_file id="fl-ca">
         <path>C:\ti\ccsv8\tools\compiler\ti-cgt-arm_18.1.1.LTS\lib\</path>
         <kind>archive</kind>
         <file>rtsv7M4_T_le_v4SPD16_eabi.lib</file>
         <name>autoinit.c.obj</name>
      </input_file>
      <input_file id="fl-cb">
         <path>C:\ti\ccsv8\tools\compiler\ti-cgt-arm_18.1.1.LTS\lib\</path>
         <kind>archive</kind>
         <file>rtsv7M4_T_le_v4SPD16_eabi.lib</file>
         <name>pre_init.c.obj</name>
      </input_file>
      <input_file id="fl-cc">
         <path>C:\ti\ccsv8\tools\compiler\ti-cgt-arm_18.1.1.LTS\lib\</path>
         <kind>archive</kind>
         <file>rtsv7M4_T_le_v4SPD16_eabi.lib</file>
         <name>cpy_tbl.c.obj</name>
      </input_file>
      <input_file id="fl-cd">
         <path>C:\ti\ccsv8\tools\compiler\ti-cgt-arm_18.1.1.LTS\lib\</path>
         <kind>archive</kind>
         <file>rtsv7M4_T_le_v4SPD16_eabi.lib</file>
         <name>_printfi.c.obj</name>
      </input_file>
      <input_file id="fl-ce">
         <path>C:\ti\ccsv8\tools\compiler\ti-cgt-arm_18.1.1.LTS\lib\</path>
         <kind>archive</kind>
         <file>rtsv7M4_T_le_v4SPD16_eabi.lib</file>
         <name>atoi.c.obj</name>
      </input_file>
      <input_file id="fl-cf">
         <path>C:\ti\ccsv8\tools\compiler\ti-cgt-arm_18.1.1.LTS\lib\</path>
         <kind>archive</kind>
         <file>rtsv7M4_T_le_v4SPD16_eabi.lib</file>
         <name>ctype.c.obj</name>
      </input_file>
      <input_file id="fl-d0">
         <path>C:\ti\ccsv8\tools\compiler\ti-cgt-arm_18.1.1.LTS\lib\</path>
         <kind>archive</kind>
         <file>rtsv7M4_T_le_v4SPD16_eabi.lib</file>
         <name>ltoa.c.obj</name>
      </input_file>
      <input_file id="fl-d1">
         <path>C:\ti\ccsv8\tools\compiler\ti-cgt-arm_18.1.1.LTS\lib\</path>
         <kind>archive</kind>
         <file>rtsv7M4_T_le_v4SPD16_eabi.lib</file>
         <name>memccpy.c.obj</name>
      </input_file>
      <input_file id="fl-d2">
         <path>C:\ti\ccsv8\tools\compiler\ti-cgt-arm_18.1.1.LTS\lib\</path>
         <kind>archive</kind>
         <file>rtsv7M4_T_le_v4SPD16_eabi.lib</file>
         <name>strchr.c.obj</name>
      </input_file>
      <input_file id="fl-d3">
         <path>C:\ti\ccsv8\tools\compiler\ti-cgt-arm_18.1.1.LTS\lib\</path>
         <kind>archive</kind>
         <file>rtsv7M4_T_le_v4SPD16_eabi.lib</file>
         <name>s_frexp.c.obj</name>
      </input_file>
      <input_file id="fl-d4">
         <path>C:\ti\ccsv8\tools\compiler\ti-cgt-arm_18.1.1.LTS\lib\</path>
         <kind>archive</kind>
         <file>rtsv7M4_T_le_v4SPD16_eabi.lib</file>
         <name>s_scalbn.c.obj</name>
      </input_file>
      <input_file id="fl-d5">
         <path>C:\ti\ccsv8\tools\compiler\ti-cgt-arm_18.1.1.LTS\lib\</path>
         <kind>archive</kind>
         <file>rtsv7M4_T_le_v4SPD16_eabi.lib</file>
         <name>s_copysign.c.obj</name>
      </input_file>
      <input_file id="fl-d6">
         <path>C:\ti\ccsv8\tools\compiler\ti-cgt-arm_18.1.1.LTS\lib\</path>
         <kind>archive</kind>
         <file>rtsv7M4_T_le_v4SPD16_eabi.lib</file>
         <name>wcslen.c.obj</name>
      </input_file>
      <input_file id="fl-d7">
         <path>C:\ti\ccsv8\tools\compiler\ti-cgt-arm_18.1.1.LTS\lib\</path>
         <kind>archive</kind>
         <file>rtsv7M4_T_le_v4SPD16_eabi.lib</file>
         <name>fd_add_t2.asm.obj</name>
      </input_file>
      <input_file id="fl-d8">
         <path>C:\ti\ccsv8\tools\compiler\ti-cgt-arm_18.1.1.LTS\lib\</path>
         <kind>archive</kind>
         <file>rtsv7M4_T_le_v4SPD16_eabi.lib</file>
         <name>fd_cmp_t2.asm.obj</name>
      </input_file>
      <input_file id="fl-d9">
         <path>C:\ti\ccsv8\tools\compiler\ti-cgt-arm_18.1.1.LTS\lib\</path>
         <kind>archive</kind>
         <file>rtsv7M4_T_le_v4SPD16_eabi.lib</file>
         <name>fd_div_t2.asm.obj</name>
      </input_file>
      <input_file id="fl-da">
         <path>C:\ti\ccsv8\tools\compiler\ti-cgt-arm_18.1.1.LTS\lib\</path>
         <kind>archive</kind>
         <file>rtsv7M4_T_le_v4SPD16_eabi.lib</file>
         <name>fd_mul_t2.asm.obj</name>
      </input_file>
      <input_file id="fl-db">
         <path>C:\ti\ccsv8\tools\compiler\ti-cgt-arm_18.1.1.LTS\lib\</path>
         <kind>archive</kind>
         <file>rtsv7M4_T_le_v4SPD16_eabi.lib</file>
         <name>fd_toi_t2.asm.obj</name>
      </input_file>
      <input_file id="fl-dc">
         <path>C:\ti\ccsv8\tools\compiler\ti-cgt-arm_18.1.1.LTS\lib\</path>
         <kind>archive</kind>
         <file>rtsv7M4_T_le_v4SPD16_eabi.lib</file>
         <name>i_tofd_t2.asm.obj</name>
      </input_file>
      <input_file id="fl-dd">
         <path>C:\ti\ccsv8\tools\compiler\ti-cgt-arm_18.1.1.LTS\lib\</path>
         <kind>archive</kind>
         <file>rtsv7M4_T_le_v4SPD16_eabi.lib</file>
         <name>ull_div_t2.asm.obj</name>
      </input_file>
      <input_file id="fl-de">
         <path>C:\ti\ccsv8\tools\compiler\ti-cgt-arm_18.1.1.LTS\lib\</path>
         <kind>archive</kind>
         <file>rtsv7M4_T_le_v4SPD16_eabi.lib</file>
         <name>errno.c.obj</name>
      </input_file>
      <input_file id="fl-df">
         <path>C:\ti\ccsv8\tools\compiler\ti-cgt-arm_18.1.1.LTS\lib\</path>
         <kind>archive</kind>
         <file>rtsv7M4_T_le_v4SPD16_eabi.lib</file>
         <name>div0.asm.obj</name>
      </input_file>
      <input_file id="fl-e0">
         <path>C:\ti\TivaWare_C_Series-2.1.3.156\driverlib\ccs\Debug\</path>
         <kind>archive</kind>
         <file>driverlib.lib</file>
         <name>sysctl.obj</name>
      </input_file>
      <input_file id="fl-e1">
         <path>C:\ti\TivaWare_C_Series-2.1.3.156\driverlib\ccs\Debug\</path>
         <kind>archive</kind>
         <file>driverlib.lib</file>
         <name>uart.obj</name>
      </input_file>
      <input_file id="fl-e2">
         <path>C:\ti\TivaWare_C_Series-2.1.3.156\driverlib\ccs\Debug\</path>
         <kind>archive</kind>
         <file>driverlib.lib</file>
         <name>cpu.obj</name>
      </input_file>
      <input_file id="fl-e3">
         <path>C:\ti\TivaWare_C_Series-2.1.3.156\driverlib\ccs\Debug\</path>
         <kind>archive</kind>
         <file>driverlib.lib</file>
         <name>interrupt.obj</name>
      </input_file>
   </input_file_list>
   <object_component_list>
      <object_component id="oc-f">
         <name>.intvecs</name>
         <load_address>0x0</load_address>
         <run_address>0x0</run_address>
         <size>0x208</size>
         <input_file_ref idref="fl-3"/>
      </object_component>
      <object_component id="oc-14b">
         <name>.text:__TI_printfi</name>
         <load_address>0x208</load_address>
         <run_address>0x208</run_address>
         <size>0xa5e</size>
         <input_file_ref idref="fl-cd"/>
      </object_component>
      <object_component id="oc-29d">
         <name>.text</name>
         <load_address>0xc66</load_address>
         <run_address>0xc66</run_address>
         <size>0x2</size>
         <input_file_ref idref="fl-df"/>
      </object_component>
      <object_component id="oc-1bf">
         <name>.text:_pconv_a</name>
         <load_address>0xc68</load_address>
         <run_address>0xc68</run_address>
         <size>0x270</size>
         <input_file_ref idref="fl-cd"/>
      </object_component>
      <object_component id="oc-cc">
         <name>.text:SysCtlClockFreqSet</name>
         <load_address>0xed8</load_address>
         <run_address>0xed8</run_address>
         <size>0x1ec</size>
         <input_file_ref idref="fl-e0"/>
      </object_component>
      <object_component id="oc-1ad">
         <name>.text:_pconv_g</name>
         <load_address>0x10c4</load_address>
         <run_address>0x10c4</run_address>
         <size>0x1d0</size>
         <input_file_ref idref="fl-cd"/>
      </object_component>
      <object_component id="oc-98">
         <name>.text</name>
         <load_address>0x1294</load_address>
         <run_address>0x1294</run_address>
         <size>0x1d0</size>
         <input_file_ref idref="fl-2"/>
      </object_component>
      <object_component id="oc-237">
         <name>.text</name>
         <load_address>0x1464</load_address>
         <run_address>0x1464</run_address>
         <size>0x1b6</size>
         <input_file_ref idref="fl-d7"/>
      </object_component>
      <object_component id="oc-1b9">
         <name>.text:_pconv_e</name>
         <load_address>0x161c</load_address>
         <run_address>0x161c</run_address>
         <size>0x13c</size>
         <input_file_ref idref="fl-cd"/>
      </object_component>
      <object_component id="oc-21d">
         <name>.text</name>
         <load_address>0x1758</load_address>
         <run_address>0x1758</run_address>
         <size>0x136</size>
         <input_file_ref idref="fl-d9"/>
      </object_component>
      <object_component id="oc-249">
         <name>.text:fcvt</name>
         <load_address>0x1890</load_address>
         <run_address>0x1890</run_address>
         <size>0x120</size>
         <input_file_ref idref="fl-cd"/>
      </object_component>
      <object_component id="oc-25d">
         <name>.text:scalbn</name>
         <load_address>0x19b0</load_address>
         <run_address>0x19b0</run_address>
         <size>0x110</size>
         <input_file_ref idref="fl-d4"/>
      </object_component>
      <object_component id="oc-218">
         <name>.text</name>
         <load_address>0x1ac0</load_address>
         <run_address>0x1ac0</run_address>
         <size>0xfc</size>
         <input_file_ref idref="fl-da"/>
      </object_component>
      <object_component id="oc-1a2">
         <name>.text:_ltostr</name>
         <load_address>0x1bbc</load_address>
         <run_address>0x1bbc</run_address>
         <size>0xb1</size>
         <input_file_ref idref="fl-cd"/>
      </object_component>
      <object_component id="oc-38">
         <name>.text</name>
         <load_address>0x1c6e</load_address>
         <run_address>0x1c6e</run_address>
         <size>0x9c</size>
         <input_file_ref idref="fl-c8"/>
      </object_component>
      <object_component id="oc-211">
         <name>.text</name>
         <load_address>0x1d0a</load_address>
         <run_address>0x1d0a</run_address>
         <size>0x96</size>
         <input_file_ref idref="fl-dd"/>
      </object_component>
      <object_component id="oc-1a8">
         <name>.text:__aeabi_cdcmple</name>
         <load_address>0x1da0</load_address>
         <run_address>0x1da0</run_address>
         <size>0x86</size>
         <input_file_ref idref="fl-d8"/>
      </object_component>
      <object_component id="oc-222">
         <name>.text:__aeabi_cdrcmple</name>
         <load_address>0x1e26</load_address>
         <run_address>0x1e26</run_address>
         <size>0x86</size>
         <input_file_ref idref="fl-d8"/>
      </object_component>
      <object_component id="oc-8c">
         <name>.text</name>
         <load_address>0x1eac</load_address>
         <run_address>0x1eac</run_address>
         <size>0x7a</size>
         <input_file_ref idref="fl-c9"/>
      </object_component>
      <object_component id="oc-242">
         <name>.text:_mcpy</name>
         <load_address>0x1f26</load_address>
         <run_address>0x1f26</run_address>
         <size>0x6e</size>
         <input_file_ref idref="fl-cd"/>
      </object_component>
      <object_component id="oc-12">
         <name>.text:decompress:lzss:__TI_decompress_lzss</name>
         <load_address>0x1f94</load_address>
         <run_address>0x1f94</run_address>
         <size>0x68</size>
         <input_file_ref idref="fl-c0"/>
      </object_component>
      <object_component id="oc-257">
         <name>.text:frexp</name>
         <load_address>0x1ffc</load_address>
         <run_address>0x1ffc</run_address>
         <size>0x64</size>
         <input_file_ref idref="fl-d3"/>
      </object_component>
      <object_component id="oc-1b3">
         <name>.text:_pconv_f</name>
         <load_address>0x2060</load_address>
         <run_address>0x2060</run_address>
         <size>0x56</size>
         <input_file_ref idref="fl-cd"/>
      </object_component>
      <object_component id="oc-22c">
         <name>.text:ltoa</name>
         <load_address>0x20b6</load_address>
         <run_address>0x20b6</run_address>
         <size>0x54</size>
         <input_file_ref idref="fl-d0"/>
      </object_component>
      <object_component id="oc-23c">
         <name>.text:_ecpy</name>
         <load_address>0x210a</load_address>
         <run_address>0x210a</run_address>
         <size>0x52</size>
         <input_file_ref idref="fl-cd"/>
      </object_component>
      <object_component id="oc-19c">
         <name>.text:atoi</name>
         <load_address>0x215c</load_address>
         <run_address>0x215c</run_address>
         <size>0x4c</size>
         <input_file_ref idref="fl-ce"/>
      </object_component>
      <object_component id="oc-138">
         <name>.text:_SysCtlFrequencyGet</name>
         <load_address>0x21a8</load_address>
         <run_address>0x21a8</run_address>
         <size>0x48</size>
         <input_file_ref idref="fl-e0"/>
      </object_component>
      <object_component id="oc-227">
         <name>.text</name>
         <load_address>0x21f0</load_address>
         <run_address>0x21f0</run_address>
         <size>0x48</size>
         <input_file_ref idref="fl-db"/>
      </object_component>
      <object_component id="oc-f2">
         <name>.text:__TI_auto_init_nobinit_nopinit:__TI_auto_init_nobinit_nopinit</name>
         <load_address>0x2238</load_address>
         <run_address>0x2238</run_address>
         <size>0x44</size>
         <input_file_ref idref="fl-ca"/>
      </object_component>
      <object_component id="oc-d8">
         <name>.text:sprintf</name>
         <load_address>0x227c</load_address>
         <run_address>0x227c</run_address>
         <size>0x40</size>
         <input_file_ref idref="fl-c6"/>
      </object_component>
      <object_component id="oc-24f">
         <name>.text:_fcpy</name>
         <load_address>0x22bc</load_address>
         <run_address>0x22bc</run_address>
         <size>0x3e</size>
         <input_file_ref idref="fl-cd"/>
      </object_component>
      <object_component id="oc-56">
         <name>.text:_c_int00_noargs:_c_int00_noargs</name>
         <load_address>0x22fc</load_address>
         <run_address>0x22fc</run_address>
         <size>0x38</size>
         <input_file_ref idref="fl-c1"/>
      </object_component>
      <object_component id="oc-232">
         <name>.text</name>
         <load_address>0x2334</load_address>
         <run_address>0x2334</run_address>
         <size>0x2e</size>
         <input_file_ref idref="fl-dc"/>
      </object_component>
      <object_component id="oc-132">
         <name>.text:_SysCtlMemTimingGet</name>
         <load_address>0x2364</load_address>
         <run_address>0x2364</run_address>
         <size>0x20</size>
         <input_file_ref idref="fl-e0"/>
      </object_component>
      <object_component id="oc-1c5">
         <name>.text:memccpy</name>
         <load_address>0x2384</load_address>
         <run_address>0x2384</run_address>
         <size>0x1c</size>
         <input_file_ref idref="fl-d1"/>
      </object_component>
      <object_component id="oc-151">
         <name>.text:_outs</name>
         <load_address>0x23a0</load_address>
         <run_address>0x23a0</run_address>
         <size>0x18</size>
         <input_file_ref idref="fl-c6"/>
      </object_component>
      <object_component id="oc-263">
         <name>.text:strchr</name>
         <load_address>0x23b8</load_address>
         <run_address>0x23b8</run_address>
         <size>0x16</size>
         <input_file_ref idref="fl-d2"/>
      </object_component>
      <object_component id="oc-2b6">
         <name>.text:copysign</name>
         <load_address>0x23ce</load_address>
         <run_address>0x23ce</run_address>
         <size>0x14</size>
         <input_file_ref idref="fl-d5"/>
      </object_component>
      <object_component id="oc-de">
         <name>.text:strlen</name>
         <load_address>0x23e2</load_address>
         <run_address>0x23e2</run_address>
         <size>0x14</size>
         <input_file_ref idref="fl-c7"/>
      </object_component>
      <object_component id="oc-44">
         <name>.text:decompress:ZI:__TI_zero_init_nomemset:__TI_zero_init_nomemset</name>
         <load_address>0x23f6</load_address>
         <run_address>0x23f6</run_address>
         <size>0x12</size>
         <input_file_ref idref="fl-be"/>
      </object_component>
      <object_component id="oc-1cb">
         <name>.text:wcslen</name>
         <load_address>0x2408</load_address>
         <run_address>0x2408</run_address>
         <size>0x12</size>
         <input_file_ref idref="fl-d6"/>
      </object_component>
      <object_component id="oc-18">
         <name>.text:decompress:none:__TI_decompress_none</name>
         <load_address>0x241a</load_address>
         <run_address>0x241a</run_address>
         <size>0xe</size>
         <input_file_ref idref="fl-bf"/>
      </object_component>
      <object_component id="oc-24">
         <name>.text</name>
         <load_address>0x2428</load_address>
         <run_address>0x2428</run_address>
         <size>0xc</size>
         <input_file_ref idref="fl-3"/>
      </object_component>
      <object_component id="oc-c6">
         <name>.text:UARTCharPut</name>
         <load_address>0x2434</load_address>
         <run_address>0x2434</run_address>
         <size>0xa</size>
         <input_file_ref idref="fl-e1"/>
      </object_component>
      <object_component id="oc-157">
         <name>.text:_outc</name>
         <load_address>0x243e</load_address>
         <run_address>0x243e</run_address>
         <size>0xa</size>
         <input_file_ref idref="fl-c6"/>
      </object_component>
      <object_component id="oc-1d1">
         <name>.text:__aeabi_errno_addr</name>
         <load_address>0x2448</load_address>
         <run_address>0x2448</run_address>
         <size>0x8</size>
         <input_file_ref idref="fl-de"/>
      </object_component>
      <object_component id="oc-d2">
         <name>.text:bzero</name>
         <load_address>0x2450</load_address>
         <run_address>0x2450</run_address>
         <size>0x8</size>
         <input_file_ref idref="fl-c5"/>
      </object_component>
      <object_component id="oc-92">
         <name>.text:_system_pre_init</name>
         <load_address>0x2458</load_address>
         <run_address>0x2458</run_address>
         <size>0x4</size>
         <input_file_ref idref="fl-cb"/>
      </object_component>
      <object_component id="oc-e6">
         <name>.text:abort:abort</name>
         <load_address>0x245c</load_address>
         <run_address>0x245c</run_address>
         <size>0x4</size>
         <input_file_ref idref="fl-c2"/>
      </object_component>
      <object_component id="oc-141">
         <name>.const:g_pppui32XTALtoVCO</name>
         <load_address>0x2460</load_address>
         <run_address>0x2460</run_address>
         <size>0x1b0</size>
         <input_file_ref idref="fl-e0"/>
      </object_component>
      <object_component id="oc-20c">
         <name>.const:.string:_ctypes_</name>
         <load_address>0x2610</load_address>
         <run_address>0x2610</run_address>
         <size>0x101</size>
         <input_file_ref idref="fl-cf"/>
      </object_component>
      <object_component id="oc-13e">
         <name>.const:g_pui32Xtals</name>
         <load_address>0x2714</load_address>
         <run_address>0x2714</run_address>
         <size>0x6c</size>
         <input_file_ref idref="fl-e0"/>
      </object_component>
      <object_component id="oc-188">
         <name>.const:g_sXTALtoMEMTIM</name>
         <load_address>0x2780</load_address>
         <run_address>0x2780</run_address>
         <size>0x30</size>
         <input_file_ref idref="fl-e0"/>
      </object_component>
      <object_component id="oc-144">
         <name>.const</name>
         <load_address>0x27b0</load_address>
         <run_address>0x27b0</run_address>
         <size>0x8</size>
         <input_file_ref idref="fl-e0"/>
      </object_component>
      <object_component id="oc-30a">
         <name>__TI_handler_table</name>
         <load_address>0x27b8</load_address>
         <run_address>0x27b8</run_address>
         <size>0xc</size>
      </object_component>
      <object_component id="oc-30d">
         <name>.cinit..bss.load</name>
         <load_address>0x27c8</load_address>
         <run_address>0x27c8</run_address>
         <size>0x8</size>
      </object_component>
      <object_component id="oc-30c">
         <name>.cinit..data.load</name>
         <load_address>0x27d0</load_address>
         <run_address>0x27d0</run_address>
         <size>0x7</size>
      </object_component>
      <object_component id="oc-30b">
         <name>__TI_cinit_table</name>
         <load_address>0x27d8</load_address>
         <run_address>0x27d8</run_address>
         <size>0x10</size>
      </object_component>
      <object_component id="oc-273">
         <name>.data</name>
         <load_address>0x20000204</load_address>
         <run_address>0x20000204</run_address>
         <size>0x4</size>
         <input_file_ref idref="fl-de"/>
      </object_component>
      <object_component id="oc-e4">
         <name>.common:g_ui32SysClock</name>
         <uninitialized>true</uninitialized>
         <run_address>0x20000200</run_address>
         <size>0x4</size>
      </object_component>
      <object_component id="oc-21">
         <name>.stack</name>
         <uninitialized>true</uninitialized>
         <run_address>0x20000000</run_address>
         <size>0x4</size>
         <input_file_ref idref="fl-c1"/>
      </object_component>
      <object_component id="oc-30e">
         <name>.stack</name>
         <uninitialized>true</uninitialized>
         <run_address>0x20000000</run_address>
         <size>0x0</size>
      </object_component>
      <object_component id="oc-b4">
         <name>.debug_info</name>
         <load_address>0x0</load_address>
         <run_address>0x0</run_address>
         <size>0x3af</size>
         <input_file_ref idref="fl-2"/>
      </object_component>
      <object_component id="oc-9a">
         <name>.debug_info</name>
         <load_address>0x3af</load_address>
         <run_address>0x3af</run_address>
         <size>0x2d3</size>
         <input_file_ref idref="fl-2"/>
      </object_component>
      <object_component id="oc-6d">
         <name>.debug_info</name>
         <load_address>0x682</load_address>
         <run_address>0x682</run_address>
         <size>0x26b</size>
         <input_file_ref idref="fl-2"/>
      </object_component>
      <object_component id="oc-126">
         <name>.debug_info</name>
         <load_address>0x8ed</load_address>
         <run_address>0x8ed</run_address>
         <size>0x110</size>
         <input_file_ref idref="fl-2"/>
      </object_component>
      <object_component id="oc-af">
         <name>.debug_info</name>
         <load_address>0x9fd</load_address>
         <run_address>0x9fd</run_address>
         <size>0x8b</size>
         <input_file_ref idref="fl-2"/>
      </object_component>
      <object_component id="oc-aa">
         <name>.debug_info</name>
         <load_address>0xa88</load_address>
         <run_address>0xa88</run_address>
         <size>0x297</size>
         <input_file_ref idref="fl-2"/>
      </object_component>
      <object_component id="oc-72">
         <name>.debug_info</name>
         <load_address>0xd1f</load_address>
         <run_address>0xd1f</run_address>
         <size>0xbb</size>
         <input_file_ref idref="fl-2"/>
      </object_component>
      <object_component id="oc-15f">
         <name>.debug_info</name>
         <load_address>0xdda</load_address>
         <run_address>0xdda</run_address>
         <size>0x2c</size>
         <input_file_ref idref="fl-2"/>
      </object_component>
      <object_component id="oc-2c">
         <name>.debug_info</name>
         <load_address>0xe06</load_address>
         <run_address>0xe06</run_address>
         <size>0x293</size>
         <input_file_ref idref="fl-3"/>
      </object_component>
      <object_component id="oc-10">
         <name>.debug_info</name>
         <load_address>0x1099</load_address>
         <run_address>0x1099</run_address>
         <size>0xd2</size>
         <input_file_ref idref="fl-3"/>
      </object_component>
      <object_component id="oc-25">
         <name>.debug_info</name>
         <load_address>0x116b</load_address>
         <run_address>0x116b</run_address>
         <size>0x251</size>
         <input_file_ref idref="fl-3"/>
      </object_component>
      <object_component id="oc-33">
         <name>.debug_info</name>
         <load_address>0x13bc</load_address>
         <run_address>0x13bc</run_address>
         <size>0x84</size>
         <input_file_ref idref="fl-3"/>
      </object_component>
      <object_component id="oc-8b">
         <name>.debug_info</name>
         <load_address>0x1440</load_address>
         <run_address>0x1440</run_address>
         <size>0x313</size>
         <input_file_ref idref="fl-be"/>
      </object_component>
      <object_component id="oc-47">
         <name>.debug_info</name>
         <load_address>0x1753</load_address>
         <run_address>0x1753</run_address>
         <size>0x1b4</size>
         <input_file_ref idref="fl-be"/>
      </object_component>
      <object_component id="oc-86">
         <name>.debug_info</name>
         <load_address>0x1907</load_address>
         <run_address>0x1907</run_address>
         <size>0x46</size>
         <input_file_ref idref="fl-be"/>
      </object_component>
      <object_component id="oc-bd">
         <name>.debug_info</name>
         <load_address>0x194d</load_address>
         <run_address>0x194d</run_address>
         <size>0x2c</size>
         <input_file_ref idref="fl-be"/>
      </object_component>
      <object_component id="oc-43">
         <name>.debug_info</name>
         <load_address>0x1979</load_address>
         <run_address>0x1979</run_address>
         <size>0x29d</size>
         <input_file_ref idref="fl-bf"/>
      </object_component>
      <object_component id="oc-19">
         <name>.debug_info</name>
         <load_address>0x1c16</load_address>
         <run_address>0x1c16</run_address>
         <size>0x1df</size>
         <input_file_ref idref="fl-bf"/>
      </object_component>
      <object_component id="oc-3e">
         <name>.debug_info</name>
         <load_address>0x1df5</load_address>
         <run_address>0x1df5</run_address>
         <size>0x46</size>
         <input_file_ref idref="fl-bf"/>
      </object_component>
      <object_component id="oc-7e">
         <name>.debug_info</name>
         <load_address>0x1e3b</load_address>
         <run_address>0x1e3b</run_address>
         <size>0x2c</size>
         <input_file_ref idref="fl-bf"/>
      </object_component>
      <object_component id="oc-7c">
         <name>.debug_info</name>
         <load_address>0x1e67</load_address>
         <run_address>0x1e67</run_address>
         <size>0x293</size>
         <input_file_ref idref="fl-c0"/>
      </object_component>
      <object_component id="oc-14">
         <name>.debug_info</name>
         <load_address>0x20fa</load_address>
         <run_address>0x20fa</run_address>
         <size>0x245</size>
         <input_file_ref idref="fl-c0"/>
      </object_component>
      <object_component id="oc-2e">
         <name>.debug_info</name>
         <load_address>0x233f</load_address>
         <run_address>0x233f</run_address>
         <size>0x60</size>
         <input_file_ref idref="fl-c0"/>
      </object_component>
      <object_component id="oc-b6">
         <name>.debug_info</name>
         <load_address>0x239f</load_address>
         <run_address>0x239f</run_address>
         <size>0x46</size>
         <input_file_ref idref="fl-c0"/>
      </object_component>
      <object_component id="oc-77">
         <name>.debug_info</name>
         <load_address>0x23e5</load_address>
         <run_address>0x23e5</run_address>
         <size>0x39</size>
         <input_file_ref idref="fl-c0"/>
      </object_component>
      <object_component id="oc-22">
         <name>.debug_info</name>
         <load_address>0x241e</load_address>
         <run_address>0x241e</run_address>
         <size>0x100</size>
         <input_file_ref idref="fl-c1"/>
      </object_component>
      <object_component id="oc-57">
         <name>.debug_info</name>
         <load_address>0x251e</load_address>
         <run_address>0x251e</run_address>
         <size>0x1a4</size>
         <input_file_ref idref="fl-c1"/>
      </object_component>
      <object_component id="oc-e7">
         <name>.debug_info</name>
         <load_address>0x26c2</load_address>
         <run_address>0x26c2</run_address>
         <size>0x117</size>
         <input_file_ref idref="fl-c2"/>
      </object_component>
      <object_component id="oc-14a">
         <name>.debug_info</name>
         <load_address>0x27d9</load_address>
         <run_address>0x27d9</run_address>
         <size>0x2aa</size>
         <input_file_ref idref="fl-c5"/>
      </object_component>
      <object_component id="oc-d6">
         <name>.debug_info</name>
         <load_address>0x2a83</load_address>
         <run_address>0x2a83</run_address>
         <size>0x20e</size>
         <input_file_ref idref="fl-c5"/>
      </object_component>
      <object_component id="oc-15e">
         <name>.debug_info</name>
         <load_address>0x2c91</load_address>
         <run_address>0x2c91</run_address>
         <size>0x328</size>
         <input_file_ref idref="fl-c6"/>
      </object_component>
      <object_component id="oc-da">
         <name>.debug_info</name>
         <load_address>0x2fb9</load_address>
         <run_address>0x2fb9</run_address>
         <size>0x1c6</size>
         <input_file_ref idref="fl-c6"/>
      </object_component>
      <object_component id="oc-154">
         <name>.debug_info</name>
         <load_address>0x317f</load_address>
         <run_address>0x317f</run_address>
         <size>0x182</size>
         <input_file_ref idref="fl-c6"/>
      </object_component>
      <object_component id="oc-15b">
         <name>.debug_info</name>
         <load_address>0x3301</load_address>
         <run_address>0x3301</run_address>
         <size>0x162</size>
         <input_file_ref idref="fl-c6"/>
      </object_component>
      <object_component id="oc-27a">
         <name>.debug_info</name>
         <load_address>0x3463</load_address>
         <run_address>0x3463</run_address>
         <size>0x2c</size>
         <input_file_ref idref="fl-c6"/>
      </object_component>
      <object_component id="oc-165">
         <name>.debug_info</name>
         <load_address>0x348f</load_address>
         <run_address>0x348f</run_address>
         <size>0x284</size>
         <input_file_ref idref="fl-c7"/>
      </object_component>
      <object_component id="oc-e0">
         <name>.debug_info</name>
         <load_address>0x3713</load_address>
         <run_address>0x3713</run_address>
         <size>0x22a</size>
         <input_file_ref idref="fl-c7"/>
      </object_component>
      <object_component id="oc-3b">
         <name>.debug_info</name>
         <load_address>0x393d</load_address>
         <run_address>0x393d</run_address>
         <size>0x111</size>
         <input_file_ref idref="fl-c8"/>
      </object_component>
      <object_component id="oc-8d">
         <name>.debug_info</name>
         <load_address>0x3a4e</load_address>
         <run_address>0x3a4e</run_address>
         <size>0x13f</size>
         <input_file_ref idref="fl-c9"/>
      </object_component>
      <object_component id="oc-171">
         <name>.debug_info</name>
         <load_address>0x3b8d</load_address>
         <run_address>0x3b8d</run_address>
         <size>0x547</size>
         <input_file_ref idref="fl-ca"/>
      </object_component>
      <object_component id="oc-f4">
         <name>.debug_info</name>
         <load_address>0x40d4</load_address>
         <run_address>0x40d4</run_address>
         <size>0x19b</size>
         <input_file_ref idref="fl-ca"/>
      </object_component>
      <object_component id="oc-1f9">
         <name>.debug_info</name>
         <load_address>0x426f</load_address>
         <run_address>0x426f</run_address>
         <size>0x39</size>
         <input_file_ref idref="fl-ca"/>
      </object_component>
      <object_component id="oc-28c">
         <name>.debug_info</name>
         <load_address>0x42a8</load_address>
         <run_address>0x42a8</run_address>
         <size>0x39</size>
         <input_file_ref idref="fl-ca"/>
      </object_component>
      <object_component id="oc-1fe">
         <name>.debug_info</name>
         <load_address>0x42e1</load_address>
         <run_address>0x42e1</run_address>
         <size>0x39</size>
         <input_file_ref idref="fl-ca"/>
      </object_component>
      <object_component id="oc-203">
         <name>.debug_info</name>
         <load_address>0x431a</load_address>
         <run_address>0x431a</run_address>
         <size>0xcd</size>
         <input_file_ref idref="fl-ca"/>
      </object_component>
      <object_component id="oc-95">
         <name>.debug_info</name>
         <load_address>0x43e7</load_address>
         <run_address>0x43e7</run_address>
         <size>0x148</size>
         <input_file_ref idref="fl-cb"/>
      </object_component>
      <object_component id="oc-1d8">
         <name>.debug_info</name>
         <load_address>0x452f</load_address>
         <run_address>0x452f</run_address>
         <size>0x8a6</size>
         <input_file_ref idref="fl-cd"/>
      </object_component>
      <object_component id="oc-1a4">
         <name>.debug_info</name>
         <load_address>0x4dd5</load_address>
         <run_address>0x4dd5</run_address>
         <size>0x213</size>
         <input_file_ref idref="fl-cd"/>
      </object_component>
      <object_component id="oc-23e">
         <name>.debug_info</name>
         <load_address>0x4fe8</load_address>
         <run_address>0x4fe8</run_address>
         <size>0x1a8</size>
         <input_file_ref idref="fl-cd"/>
      </object_component>
      <object_component id="oc-244">
         <name>.debug_info</name>
         <load_address>0x5190</load_address>
         <run_address>0x5190</run_address>
         <size>0x210</size>
         <input_file_ref idref="fl-cd"/>
      </object_component>
      <object_component id="oc-1af">
         <name>.debug_info</name>
         <load_address>0x53a0</load_address>
         <run_address>0x53a0</run_address>
         <size>0x3b0</size>
         <input_file_ref idref="fl-cd"/>
      </object_component>
      <object_component id="oc-24b">
         <name>.debug_info</name>
         <load_address>0x5750</load_address>
         <run_address>0x5750</run_address>
         <size>0x2fa</size>
         <input_file_ref idref="fl-cd"/>
      </object_component>
      <object_component id="oc-251">
         <name>.debug_info</name>
         <load_address>0x5a4a</load_address>
         <run_address>0x5a4a</run_address>
         <size>0x20a</size>
         <input_file_ref idref="fl-cd"/>
      </object_component>
      <object_component id="oc-1b5">
         <name>.debug_info</name>
         <load_address>0x5c54</load_address>
         <run_address>0x5c54</run_address>
         <size>0x20a</size>
         <input_file_ref idref="fl-cd"/>
      </object_component>
      <object_component id="oc-1ba">
         <name>.debug_info</name>
         <load_address>0x5e5e</load_address>
         <run_address>0x5e5e</run_address>
         <size>0x2f9</size>
         <input_file_ref idref="fl-cd"/>
      </object_component>
      <object_component id="oc-1c0">
         <name>.debug_info</name>
         <load_address>0x6157</load_address>
         <run_address>0x6157</run_address>
         <size>0x4a5</size>
         <input_file_ref idref="fl-cd"/>
      </object_component>
      <object_component id="oc-14c">
         <name>.debug_info</name>
         <load_address>0x65fc</load_address>
         <run_address>0x65fc</run_address>
         <size>0x5cd</size>
         <input_file_ref idref="fl-cd"/>
      </object_component>
      <object_component id="oc-1d9">
         <name>.debug_info</name>
         <load_address>0x6bc9</load_address>
         <run_address>0x6bc9</run_address>
         <size>0x86</size>
         <input_file_ref idref="fl-cd"/>
      </object_component>
      <object_component id="oc-27f">
         <name>.debug_info</name>
         <load_address>0x6c4f</load_address>
         <run_address>0x6c4f</run_address>
         <size>0x39</size>
         <input_file_ref idref="fl-cd"/>
      </object_component>
      <object_component id="oc-2cd">
         <name>.debug_info</name>
         <load_address>0x6c88</load_address>
         <run_address>0x6c88</run_address>
         <size>0xb6</size>
         <input_file_ref idref="fl-cd"/>
      </object_component>
      <object_component id="oc-284">
         <name>.debug_info</name>
         <load_address>0x6d3e</load_address>
         <run_address>0x6d3e</run_address>
         <size>0x46</size>
         <input_file_ref idref="fl-cd"/>
      </object_component>
      <object_component id="oc-1de">
         <name>.debug_info</name>
         <load_address>0x6d84</load_address>
         <run_address>0x6d84</run_address>
         <size>0x46</size>
         <input_file_ref idref="fl-cd"/>
      </object_component>
      <object_component id="oc-210">
         <name>.debug_info</name>
         <load_address>0x6dca</load_address>
         <run_address>0x6dca</run_address>
         <size>0x2ae</size>
         <input_file_ref idref="fl-ce"/>
      </object_component>
      <object_component id="oc-19d">
         <name>.debug_info</name>
         <load_address>0x7078</load_address>
         <run_address>0x7078</run_address>
         <size>0x171</size>
         <input_file_ref idref="fl-ce"/>
      </object_component>
      <object_component id="oc-29a">
         <name>.debug_info</name>
         <load_address>0x71e9</load_address>
         <run_address>0x71e9</run_address>
         <size>0xee</size>
         <input_file_ref idref="fl-cf"/>
      </object_component>
      <object_component id="oc-20d">
         <name>.debug_info</name>
         <load_address>0x72d7</load_address>
         <run_address>0x72d7</run_address>
         <size>0xfa</size>
         <input_file_ref idref="fl-cf"/>
      </object_component>
      <object_component id="oc-2a8">
         <name>.debug_info</name>
         <load_address>0x73d1</load_address>
         <run_address>0x73d1</run_address>
         <size>0x290</size>
         <input_file_ref idref="fl-d0"/>
      </object_component>
      <object_component id="oc-230">
         <name>.debug_info</name>
         <load_address>0x7661</load_address>
         <run_address>0x7661</run_address>
         <size>0x1c2</size>
         <input_file_ref idref="fl-d0"/>
      </object_component>
      <object_component id="oc-26b">
         <name>.debug_info</name>
         <load_address>0x7823</load_address>
         <run_address>0x7823</run_address>
         <size>0x28b</size>
         <input_file_ref idref="fl-d1"/>
      </object_component>
      <object_component id="oc-1c6">
         <name>.debug_info</name>
         <load_address>0x7aae</load_address>
         <run_address>0x7aae</run_address>
         <size>0x1ab</size>
         <input_file_ref idref="fl-d1"/>
      </object_component>
      <object_component id="oc-2bf">
         <name>.debug_info</name>
         <load_address>0x7c59</load_address>
         <run_address>0x7c59</run_address>
         <size>0x28f</size>
         <input_file_ref idref="fl-d2"/>
      </object_component>
      <object_component id="oc-264">
         <name>.debug_info</name>
         <load_address>0x7ee8</load_address>
         <run_address>0x7ee8</run_address>
         <size>0x247</size>
         <input_file_ref idref="fl-d2"/>
      </object_component>
      <object_component id="oc-2b0">
         <name>.debug_info</name>
         <load_address>0x812f</load_address>
         <run_address>0x812f</run_address>
         <size>0x28f</size>
         <input_file_ref idref="fl-d3"/>
      </object_component>
      <object_component id="oc-25b">
         <name>.debug_info</name>
         <load_address>0x83be</load_address>
         <run_address>0x83be</run_address>
         <size>0x18a</size>
         <input_file_ref idref="fl-d3"/>
      </object_component>
      <object_component id="oc-2d9">
         <name>.debug_info</name>
         <load_address>0x8548</load_address>
         <run_address>0x8548</run_address>
         <size>0x39</size>
         <input_file_ref idref="fl-d3"/>
      </object_component>
      <object_component id="oc-2b1">
         <name>.debug_info</name>
         <load_address>0x8581</load_address>
         <run_address>0x8581</run_address>
         <size>0x2c</size>
         <input_file_ref idref="fl-d3"/>
      </object_component>
      <object_component id="oc-2bd">
         <name>.debug_info</name>
         <load_address>0x85ad</load_address>
         <run_address>0x85ad</run_address>
         <size>0x2f2</size>
         <input_file_ref idref="fl-d4"/>
      </object_component>
      <object_component id="oc-260">
         <name>.debug_info</name>
         <load_address>0x889f</load_address>
         <run_address>0x889f</run_address>
         <size>0x21a</size>
         <input_file_ref idref="fl-d4"/>
      </object_component>
      <object_component id="oc-2b9">
         <name>.debug_info</name>
         <load_address>0x8ab9</load_address>
         <run_address>0x8ab9</run_address>
         <size>0x156</size>
         <input_file_ref idref="fl-d5"/>
      </object_component>
      <object_component id="oc-272">
         <name>.debug_info</name>
         <load_address>0x8c0f</load_address>
         <run_address>0x8c0f</run_address>
         <size>0x284</size>
         <input_file_ref idref="fl-d6"/>
      </object_component>
      <object_component id="oc-1cd">
         <name>.debug_info</name>
         <load_address>0x8e93</load_address>
         <run_address>0x8e93</run_address>
         <size>0x14f</size>
         <input_file_ref idref="fl-d6"/>
      </object_component>
      <object_component id="oc-2c2">
         <name>.debug_info</name>
         <load_address>0x8fe2</load_address>
         <run_address>0x8fe2</run_address>
         <size>0x46</size>
         <input_file_ref idref="fl-d6"/>
      </object_component>
      <object_component id="oc-26d">
         <name>.debug_info</name>
         <load_address>0x9028</load_address>
         <run_address>0x9028</run_address>
         <size>0x39</size>
         <input_file_ref idref="fl-d6"/>
      </object_component>
      <object_component id="oc-239">
         <name>.debug_info</name>
         <load_address>0x9061</load_address>
         <run_address>0x9061</run_address>
         <size>0x144</size>
         <input_file_ref idref="fl-d7"/>
      </object_component>
      <object_component id="oc-1ab">
         <name>.debug_info</name>
         <load_address>0x91a5</load_address>
         <run_address>0x91a5</run_address>
         <size>0x120</size>
         <input_file_ref idref="fl-d8"/>
      </object_component>
      <object_component id="oc-223">
         <name>.debug_info</name>
         <load_address>0x92c5</load_address>
         <run_address>0x92c5</run_address>
         <size>0x122</size>
         <input_file_ref idref="fl-d8"/>
      </object_component>
      <object_component id="oc-220">
         <name>.debug_info</name>
         <load_address>0x93e7</load_address>
         <run_address>0x93e7</run_address>
         <size>0x132</size>
         <input_file_ref idref="fl-d9"/>
      </object_component>
      <object_component id="oc-219">
         <name>.debug_info</name>
         <load_address>0x9519</load_address>
         <run_address>0x9519</run_address>
         <size>0x132</size>
         <input_file_ref idref="fl-da"/>
      </object_component>
      <object_component id="oc-228">
         <name>.debug_info</name>
         <load_address>0x964b</load_address>
         <run_address>0x964b</run_address>
         <size>0x126</size>
         <input_file_ref idref="fl-db"/>
      </object_component>
      <object_component id="oc-234">
         <name>.debug_info</name>
         <load_address>0x9771</load_address>
         <run_address>0x9771</run_address>
         <size>0x124</size>
         <input_file_ref idref="fl-dc"/>
      </object_component>
      <object_component id="oc-213">
         <name>.debug_info</name>
         <load_address>0x9895</load_address>
         <run_address>0x9895</run_address>
         <size>0x12c</size>
         <input_file_ref idref="fl-dd"/>
      </object_component>
      <object_component id="oc-277">
         <name>.debug_info</name>
         <load_address>0x99c1</load_address>
         <run_address>0x99c1</run_address>
         <size>0x27e</size>
         <input_file_ref idref="fl-de"/>
      </object_component>
      <object_component id="oc-274">
         <name>.debug_info</name>
         <load_address>0x9c3f</load_address>
         <run_address>0x9c3f</run_address>
         <size>0x103</size>
         <input_file_ref idref="fl-de"/>
      </object_component>
      <object_component id="oc-1d2">
         <name>.debug_info</name>
         <load_address>0x9d42</load_address>
         <run_address>0x9d42</run_address>
         <size>0x143</size>
         <input_file_ref idref="fl-de"/>
      </object_component>
      <object_component id="oc-2a0">
         <name>.debug_info</name>
         <load_address>0x9e85</load_address>
         <run_address>0x9e85</run_address>
         <size>0x10d</size>
         <input_file_ref idref="fl-df"/>
      </object_component>
      <object_component id="oc-148">
         <name>.debug_info</name>
         <load_address>0x9f92</load_address>
         <run_address>0x9f92</run_address>
         <size>0x298</size>
         <input_file_ref idref="fl-e0"/>
      </object_component>
      <object_component id="oc-13f">
         <name>.debug_info</name>
         <load_address>0xa22a</load_address>
         <run_address>0xa22a</run_address>
         <size>0x14d</size>
         <input_file_ref idref="fl-e0"/>
      </object_component>
      <object_component id="oc-142">
         <name>.debug_info</name>
         <load_address>0xa377</load_address>
         <run_address>0xa377</run_address>
         <size>0x159</size>
         <input_file_ref idref="fl-e0"/>
      </object_component>
      <object_component id="oc-189">
         <name>.debug_info</name>
         <load_address>0xa4d0</load_address>
         <run_address>0xa4d0</run_address>
         <size>0x153</size>
         <input_file_ref idref="fl-e0"/>
      </object_component>
      <object_component id="oc-145">
         <name>.debug_info</name>
         <load_address>0xa623</load_address>
         <run_address>0xa623</run_address>
         <size>0x160</size>
         <input_file_ref idref="fl-e0"/>
      </object_component>
      <object_component id="oc-134">
         <name>.debug_info</name>
         <load_address>0xa783</load_address>
         <run_address>0xa783</run_address>
         <size>0x270</size>
         <input_file_ref idref="fl-e0"/>
      </object_component>
      <object_component id="oc-13a">
         <name>.debug_info</name>
         <load_address>0xa9f3</load_address>
         <run_address>0xa9f3</run_address>
         <size>0x2ba</size>
         <input_file_ref idref="fl-e0"/>
      </object_component>
      <object_component id="oc-ce">
         <name>.debug_info</name>
         <load_address>0xacad</load_address>
         <run_address>0xacad</run_address>
         <size>0x47f</size>
         <input_file_ref idref="fl-e0"/>
      </object_component>
      <object_component id="oc-195">
         <name>.debug_info</name>
         <load_address>0xb12c</load_address>
         <run_address>0xb12c</run_address>
         <size>0x5f</size>
         <input_file_ref idref="fl-e0"/>
      </object_component>
      <object_component id="oc-12c">
         <name>.debug_info</name>
         <load_address>0xb18b</load_address>
         <run_address>0xb18b</run_address>
         <size>0x18b</size>
         <input_file_ref idref="fl-e0"/>
      </object_component>
      <object_component id="oc-131">
         <name>.debug_info</name>
         <load_address>0xb316</load_address>
         <run_address>0xb316</run_address>
         <size>0x227</size>
         <input_file_ref idref="fl-e1"/>
      </object_component>
      <object_component id="oc-c7">
         <name>.debug_info</name>
         <load_address>0xb53d</load_address>
         <run_address>0xb53d</run_address>
         <size>0x273</size>
         <input_file_ref idref="fl-e1"/>
      </object_component>
      <object_component id="oc-30f">
         <name>.debug_info</name>
         <load_address>0xb7b0</load_address>
         <run_address>0xb7b0</run_address>
         <size>0x87</size>
      </object_component>
      <object_component id="oc-125">
         <name>.debug_line</name>
         <load_address>0x0</load_address>
         <run_address>0x0</run_address>
         <size>0x16a</size>
         <input_file_ref idref="fl-2"/>
      </object_component>
      <object_component id="oc-99">
         <name>.debug_line</name>
         <load_address>0x16a</load_address>
         <run_address>0x16a</run_address>
         <size>0x8d</size>
         <input_file_ref idref="fl-2"/>
      </object_component>
      <object_component id="oc-70">
         <name>.debug_line</name>
         <load_address>0x1f7</load_address>
         <run_address>0x1f7</run_address>
         <size>0x69</size>
         <input_file_ref idref="fl-2"/>
      </object_component>
      <object_component id="oc-129">
         <name>.debug_line</name>
         <load_address>0x260</load_address>
         <run_address>0x260</run_address>
         <size>0x65</size>
         <input_file_ref idref="fl-2"/>
      </object_component>
      <object_component id="oc-b2">
         <name>.debug_line</name>
         <load_address>0x2c5</load_address>
         <run_address>0x2c5</run_address>
         <size>0x20</size>
         <input_file_ref idref="fl-2"/>
      </object_component>
      <object_component id="oc-ad">
         <name>.debug_line</name>
         <load_address>0x2e5</load_address>
         <run_address>0x2e5</run_address>
         <size>0x6d</size>
         <input_file_ref idref="fl-2"/>
      </object_component>
      <object_component id="oc-75">
         <name>.debug_line</name>
         <load_address>0x352</load_address>
         <run_address>0x352</run_address>
         <size>0x6a</size>
         <input_file_ref idref="fl-2"/>
      </object_component>
      <object_component id="oc-162">
         <name>.debug_line</name>
         <load_address>0x3bc</load_address>
         <run_address>0x3bc</run_address>
         <size>0x65</size>
         <input_file_ref idref="fl-2"/>
      </object_component>
      <object_component id="oc-6c">
         <name>.debug_line</name>
         <load_address>0x421</load_address>
         <run_address>0x421</run_address>
         <size>0x42</size>
         <input_file_ref idref="fl-3"/>
      </object_component>
      <object_component id="oc-2b">
         <name>.debug_line</name>
         <load_address>0x463</load_address>
         <run_address>0x463</run_address>
         <size>0x42</size>
         <input_file_ref idref="fl-3"/>
      </object_component>
      <object_component id="oc-29">
         <name>.debug_line</name>
         <load_address>0x4a5</load_address>
         <run_address>0x4a5</run_address>
         <size>0xa2</size>
         <input_file_ref idref="fl-3"/>
      </object_component>
      <object_component id="oc-36">
         <name>.debug_line</name>
         <load_address>0x547</load_address>
         <run_address>0x547</run_address>
         <size>0x20</size>
         <input_file_ref idref="fl-3"/>
      </object_component>
      <object_component id="oc-c3">
         <name>.debug_line</name>
         <load_address>0x567</load_address>
         <run_address>0x567</run_address>
         <size>0x9e</size>
         <input_file_ref idref="fl-be"/>
      </object_component>
      <object_component id="oc-46">
         <name>.debug_line</name>
         <load_address>0x605</load_address>
         <run_address>0x605</run_address>
         <size>0x4f</size>
         <input_file_ref idref="fl-be"/>
      </object_component>
      <object_component id="oc-89">
         <name>.debug_line</name>
         <load_address>0x654</load_address>
         <run_address>0x654</run_address>
         <size>0x34</size>
         <input_file_ref idref="fl-be"/>
      </object_component>
      <object_component id="oc-c0">
         <name>.debug_line</name>
         <load_address>0x688</load_address>
         <run_address>0x688</run_address>
         <size>0x8a</size>
         <input_file_ref idref="fl-be"/>
      </object_component>
      <object_component id="oc-84">
         <name>.debug_line</name>
         <load_address>0x712</load_address>
         <run_address>0x712</run_address>
         <size>0x20</size>
         <input_file_ref idref="fl-bf"/>
      </object_component>
      <object_component id="oc-1c">
         <name>.debug_line</name>
         <load_address>0x732</load_address>
         <run_address>0x732</run_address>
         <size>0x55</size>
         <input_file_ref idref="fl-bf"/>
      </object_component>
      <object_component id="oc-41">
         <name>.debug_line</name>
         <load_address>0x787</load_address>
         <run_address>0x787</run_address>
         <size>0x3a</size>
         <input_file_ref idref="fl-bf"/>
      </object_component>
      <object_component id="oc-81">
         <name>.debug_line</name>
         <load_address>0x7c1</load_address>
         <run_address>0x7c1</run_address>
         <size>0x8a</size>
         <input_file_ref idref="fl-bf"/>
      </object_component>
      <object_component id="oc-bc">
         <name>.debug_line</name>
         <load_address>0x84b</load_address>
         <run_address>0x84b</run_address>
         <size>0x20</size>
         <input_file_ref idref="fl-c0"/>
      </object_component>
      <object_component id="oc-13">
         <name>.debug_line</name>
         <load_address>0x86b</load_address>
         <run_address>0x86b</run_address>
         <size>0xa9</size>
         <input_file_ref idref="fl-c0"/>
      </object_component>
      <object_component id="oc-31">
         <name>.debug_line</name>
         <load_address>0x914</load_address>
         <run_address>0x914</run_address>
         <size>0x3a</size>
         <input_file_ref idref="fl-c0"/>
      </object_component>
      <object_component id="oc-b9">
         <name>.debug_line</name>
         <load_address>0x94e</load_address>
         <run_address>0x94e</run_address>
         <size>0x92</size>
         <input_file_ref idref="fl-c0"/>
      </object_component>
      <object_component id="oc-7a">
         <name>.debug_line</name>
         <load_address>0x9e0</load_address>
         <run_address>0x9e0</run_address>
         <size>0x8e</size>
         <input_file_ref idref="fl-c0"/>
      </object_component>
      <object_component id="oc-69">
         <name>.debug_line</name>
         <load_address>0xa6e</load_address>
         <run_address>0xa6e</run_address>
         <size>0x33</size>
         <input_file_ref idref="fl-c1"/>
      </object_component>
      <object_component id="oc-5a">
         <name>.debug_line</name>
         <load_address>0xaa1</load_address>
         <run_address>0xaa1</run_address>
         <size>0x56</size>
         <input_file_ref idref="fl-c1"/>
      </object_component>
      <object_component id="oc-eb">
         <name>.debug_line</name>
         <load_address>0xaf7</load_address>
         <run_address>0xaf7</run_address>
         <size>0x3c</size>
         <input_file_ref idref="fl-c2"/>
      </object_component>
      <object_component id="oc-19b">
         <name>.debug_line</name>
         <load_address>0xb33</load_address>
         <run_address>0xb33</run_address>
         <size>0x8a</size>
         <input_file_ref idref="fl-c5"/>
      </object_component>
      <object_component id="oc-d3">
         <name>.debug_line</name>
         <load_address>0xbbd</load_address>
         <run_address>0xbbd</run_address>
         <size>0xa0</size>
         <input_file_ref idref="fl-c5"/>
      </object_component>
      <object_component id="oc-1e6">
         <name>.debug_line</name>
         <load_address>0xc5d</load_address>
         <run_address>0xc5d</run_address>
         <size>0x2d</size>
         <input_file_ref idref="fl-c6"/>
      </object_component>
      <object_component id="oc-dd">
         <name>.debug_line</name>
         <load_address>0xc8a</load_address>
         <run_address>0xc8a</run_address>
         <size>0x4b</size>
         <input_file_ref idref="fl-c6"/>
      </object_component>
      <object_component id="oc-153">
         <name>.debug_line</name>
         <load_address>0xcd5</load_address>
         <run_address>0xcd5</run_address>
         <size>0x4b</size>
         <input_file_ref idref="fl-c6"/>
      </object_component>
      <object_component id="oc-15a">
         <name>.debug_line</name>
         <load_address>0xd20</load_address>
         <run_address>0xd20</run_address>
         <size>0x3f</size>
         <input_file_ref idref="fl-c6"/>
      </object_component>
      <object_component id="oc-27d">
         <name>.debug_line</name>
         <load_address>0xd5f</load_address>
         <run_address>0xd5f</run_address>
         <size>0x89</size>
         <input_file_ref idref="fl-c6"/>
      </object_component>
      <object_component id="oc-1e8">
         <name>.debug_line</name>
         <load_address>0xde8</load_address>
         <run_address>0xde8</run_address>
         <size>0x20</size>
         <input_file_ref idref="fl-c7"/>
      </object_component>
      <object_component id="oc-df">
         <name>.debug_line</name>
         <load_address>0xe08</load_address>
         <run_address>0xe08</run_address>
         <size>0xaa</size>
         <input_file_ref idref="fl-c7"/>
      </object_component>
      <object_component id="oc-3a">
         <name>.debug_line</name>
         <load_address>0xeb2</load_address>
         <run_address>0xeb2</run_address>
         <size>0x88</size>
         <input_file_ref idref="fl-c8"/>
      </object_component>
      <object_component id="oc-90">
         <name>.debug_line</name>
         <load_address>0xf3a</load_address>
         <run_address>0xf3a</run_address>
         <size>0x79</size>
         <input_file_ref idref="fl-c9"/>
      </object_component>
      <object_component id="oc-1f8">
         <name>.debug_line</name>
         <load_address>0xfb3</load_address>
         <run_address>0xfb3</run_address>
         <size>0xb7</size>
         <input_file_ref idref="fl-ca"/>
      </object_component>
      <object_component id="oc-f3">
         <name>.debug_line</name>
         <load_address>0x106a</load_address>
         <run_address>0x106a</run_address>
         <size>0x6c</size>
         <input_file_ref idref="fl-ca"/>
      </object_component>
      <object_component id="oc-1fc">
         <name>.debug_line</name>
         <load_address>0x10d6</load_address>
         <run_address>0x10d6</run_address>
         <size>0x2e</size>
         <input_file_ref idref="fl-ca"/>
      </object_component>
      <object_component id="oc-28f">
         <name>.debug_line</name>
         <load_address>0x1104</load_address>
         <run_address>0x1104</run_address>
         <size>0x92</size>
         <input_file_ref idref="fl-ca"/>
      </object_component>
      <object_component id="oc-201">
         <name>.debug_line</name>
         <load_address>0x1196</load_address>
         <run_address>0x1196</run_address>
         <size>0x8f</size>
         <input_file_ref idref="fl-ca"/>
      </object_component>
      <object_component id="oc-206">
         <name>.debug_line</name>
         <load_address>0x1225</load_address>
         <run_address>0x1225</run_address>
         <size>0x8b</size>
         <input_file_ref idref="fl-ca"/>
      </object_component>
      <object_component id="oc-97">
         <name>.debug_line</name>
         <load_address>0x12b0</load_address>
         <run_address>0x12b0</run_address>
         <size>0x40</size>
         <input_file_ref idref="fl-cb"/>
      </object_component>
      <object_component id="oc-279">
         <name>.debug_line</name>
         <load_address>0x12f0</load_address>
         <run_address>0x12f0</run_address>
         <size>0x30e</size>
         <input_file_ref idref="fl-cd"/>
      </object_component>
      <object_component id="oc-1a7">
         <name>.debug_line</name>
         <load_address>0x15fe</load_address>
         <run_address>0x15fe</run_address>
         <size>0x7a</size>
         <input_file_ref idref="fl-cd"/>
      </object_component>
      <object_component id="oc-241">
         <name>.debug_line</name>
         <load_address>0x1678</load_address>
         <run_address>0x1678</run_address>
         <size>0x51</size>
         <input_file_ref idref="fl-cd"/>
      </object_component>
      <object_component id="oc-247">
         <name>.debug_line</name>
         <load_address>0x16c9</load_address>
         <run_address>0x16c9</run_address>
         <size>0x88</size>
         <input_file_ref idref="fl-cd"/>
      </object_component>
      <object_component id="oc-1b2">
         <name>.debug_line</name>
         <load_address>0x1751</load_address>
         <run_address>0x1751</run_address>
         <size>0x14d</size>
         <input_file_ref idref="fl-cd"/>
      </object_component>
      <object_component id="oc-24e">
         <name>.debug_line</name>
         <load_address>0x189e</load_address>
         <run_address>0x189e</run_address>
         <size>0xe9</size>
         <input_file_ref idref="fl-cd"/>
      </object_component>
      <object_component id="oc-254">
         <name>.debug_line</name>
         <load_address>0x1987</load_address>
         <run_address>0x1987</run_address>
         <size>0x5d</size>
         <input_file_ref idref="fl-cd"/>
      </object_component>
      <object_component id="oc-1b8">
         <name>.debug_line</name>
         <load_address>0x19e4</load_address>
         <run_address>0x19e4</run_address>
         <size>0x5c</size>
         <input_file_ref idref="fl-cd"/>
      </object_component>
      <object_component id="oc-1bd">
         <name>.debug_line</name>
         <load_address>0x1a40</load_address>
         <run_address>0x1a40</run_address>
         <size>0xae</size>
         <input_file_ref idref="fl-cd"/>
      </object_component>
      <object_component id="oc-1c3">
         <name>.debug_line</name>
         <load_address>0x1aee</load_address>
         <run_address>0x1aee</run_address>
         <size>0x1b0</size>
         <input_file_ref idref="fl-cd"/>
      </object_component>
      <object_component id="oc-14f">
         <name>.debug_line</name>
         <load_address>0x1c9e</load_address>
         <run_address>0x1c9e</run_address>
         <size>0x6dd</size>
         <input_file_ref idref="fl-cd"/>
      </object_component>
      <object_component id="oc-1dc">
         <name>.debug_line</name>
         <load_address>0x237b</load_address>
         <run_address>0x237b</run_address>
         <size>0x8a</size>
         <input_file_ref idref="fl-cd"/>
      </object_component>
      <object_component id="oc-282">
         <name>.debug_line</name>
         <load_address>0x2405</load_address>
         <run_address>0x2405</run_address>
         <size>0x8a</size>
         <input_file_ref idref="fl-cd"/>
      </object_component>
      <object_component id="oc-2d0">
         <name>.debug_line</name>
         <load_address>0x248f</load_address>
         <run_address>0x248f</run_address>
         <size>0x92</size>
         <input_file_ref idref="fl-cd"/>
      </object_component>
      <object_component id="oc-287">
         <name>.debug_line</name>
         <load_address>0x2521</load_address>
         <run_address>0x2521</run_address>
         <size>0x8f</size>
         <input_file_ref idref="fl-cd"/>
      </object_component>
      <object_component id="oc-1e1">
         <name>.debug_line</name>
         <load_address>0x25b0</load_address>
         <run_address>0x25b0</run_address>
         <size>0x2e</size>
         <input_file_ref idref="fl-cd"/>
      </object_component>
      <object_component id="oc-29c">
         <name>.debug_line</name>
         <load_address>0x25de</load_address>
         <run_address>0x25de</run_address>
         <size>0x89</size>
         <input_file_ref idref="fl-ce"/>
      </object_component>
      <object_component id="oc-1a0">
         <name>.debug_line</name>
         <load_address>0x2667</load_address>
         <run_address>0x2667</run_address>
         <size>0x63</size>
         <input_file_ref idref="fl-ce"/>
      </object_component>
      <object_component id="oc-2d3">
         <name>.debug_line</name>
         <load_address>0x26ca</load_address>
         <run_address>0x26ca</run_address>
         <size>0x20</size>
         <input_file_ref idref="fl-cf"/>
      </object_component>
      <object_component id="oc-299">
         <name>.debug_line</name>
         <load_address>0x26ea</load_address>
         <run_address>0x26ea</run_address>
         <size>0x2b</size>
         <input_file_ref idref="fl-cf"/>
      </object_component>
      <object_component id="oc-2d6">
         <name>.debug_line</name>
         <load_address>0x2715</load_address>
         <run_address>0x2715</run_address>
         <size>0x20</size>
         <input_file_ref idref="fl-d0"/>
      </object_component>
      <object_component id="oc-22e">
         <name>.debug_line</name>
         <load_address>0x2735</load_address>
         <run_address>0x2735</run_address>
         <size>0x66</size>
         <input_file_ref idref="fl-d0"/>
      </object_component>
      <object_component id="oc-2c1">
         <name>.debug_line</name>
         <load_address>0x279b</load_address>
         <run_address>0x279b</run_address>
         <size>0x20</size>
         <input_file_ref idref="fl-d1"/>
      </object_component>
      <object_component id="oc-1ca">
         <name>.debug_line</name>
         <load_address>0x27bb</load_address>
         <run_address>0x27bb</run_address>
         <size>0x48</size>
         <input_file_ref idref="fl-d1"/>
      </object_component>
      <object_component id="oc-2e2">
         <name>.debug_line</name>
         <load_address>0x2803</load_address>
         <run_address>0x2803</run_address>
         <size>0x20</size>
         <input_file_ref idref="fl-d2"/>
      </object_component>
      <object_component id="oc-268">
         <name>.debug_line</name>
         <load_address>0x2823</load_address>
         <run_address>0x2823</run_address>
         <size>0xa8</size>
         <input_file_ref idref="fl-d2"/>
      </object_component>
      <object_component id="oc-2d8">
         <name>.debug_line</name>
         <load_address>0x28cb</load_address>
         <run_address>0x28cb</run_address>
         <size>0x20</size>
         <input_file_ref idref="fl-d3"/>
      </object_component>
      <object_component id="oc-258">
         <name>.debug_line</name>
         <load_address>0x28eb</load_address>
         <run_address>0x28eb</run_address>
         <size>0x5e</size>
         <input_file_ref idref="fl-d3"/>
      </object_component>
      <object_component id="oc-2dc">
         <name>.debug_line</name>
         <load_address>0x2949</load_address>
         <run_address>0x2949</run_address>
         <size>0x92</size>
         <input_file_ref idref="fl-d3"/>
      </object_component>
      <object_component id="oc-2b4">
         <name>.debug_line</name>
         <load_address>0x29db</load_address>
         <run_address>0x29db</run_address>
         <size>0x8f</size>
         <input_file_ref idref="fl-d3"/>
      </object_component>
      <object_component id="oc-2e0">
         <name>.debug_line</name>
         <load_address>0x2a6a</load_address>
         <run_address>0x2a6a</run_address>
         <size>0x93</size>
         <input_file_ref idref="fl-d4"/>
      </object_component>
      <object_component id="oc-262">
         <name>.debug_line</name>
         <load_address>0x2afd</load_address>
         <run_address>0x2afd</run_address>
         <size>0x9c</size>
         <input_file_ref idref="fl-d4"/>
      </object_component>
      <object_component id="oc-2bb">
         <name>.debug_line</name>
         <load_address>0x2b99</load_address>
         <run_address>0x2b99</run_address>
         <size>0x45</size>
         <input_file_ref idref="fl-d5"/>
      </object_component>
      <object_component id="oc-2c8">
         <name>.debug_line</name>
         <load_address>0x2bde</load_address>
         <run_address>0x2bde</run_address>
         <size>0x20</size>
         <input_file_ref idref="fl-d6"/>
      </object_component>
      <object_component id="oc-1d0">
         <name>.debug_line</name>
         <load_address>0x2bfe</load_address>
         <run_address>0x2bfe</run_address>
         <size>0x46</size>
         <input_file_ref idref="fl-d6"/>
      </object_component>
      <object_component id="oc-2c5">
         <name>.debug_line</name>
         <load_address>0x2c44</load_address>
         <run_address>0x2c44</run_address>
         <size>0x92</size>
         <input_file_ref idref="fl-d6"/>
      </object_component>
      <object_component id="oc-270">
         <name>.debug_line</name>
         <load_address>0x2cd6</load_address>
         <run_address>0x2cd6</run_address>
         <size>0x89</size>
         <input_file_ref idref="fl-d6"/>
      </object_component>
      <object_component id="oc-23b">
         <name>.debug_line</name>
         <load_address>0x2d5f</load_address>
         <run_address>0x2d5f</run_address>
         <size>0xd2</size>
         <input_file_ref idref="fl-d7"/>
      </object_component>
      <object_component id="oc-1aa">
         <name>.debug_line</name>
         <load_address>0x2e31</load_address>
         <run_address>0x2e31</run_address>
         <size>0x77</size>
         <input_file_ref idref="fl-d8"/>
      </object_component>
      <object_component id="oc-226">
         <name>.debug_line</name>
         <load_address>0x2ea8</load_address>
         <run_address>0x2ea8</run_address>
         <size>0x77</size>
         <input_file_ref idref="fl-d8"/>
      </object_component>
      <object_component id="oc-21e">
         <name>.debug_line</name>
         <load_address>0x2f1f</load_address>
         <run_address>0x2f1f</run_address>
         <size>0xa8</size>
         <input_file_ref idref="fl-d9"/>
      </object_component>
      <object_component id="oc-21c">
         <name>.debug_line</name>
         <load_address>0x2fc7</load_address>
         <run_address>0x2fc7</run_address>
         <size>0x8e</size>
         <input_file_ref idref="fl-da"/>
      </object_component>
      <object_component id="oc-22b">
         <name>.debug_line</name>
         <load_address>0x3055</load_address>
         <run_address>0x3055</run_address>
         <size>0x5a</size>
         <input_file_ref idref="fl-db"/>
      </object_component>
      <object_component id="oc-233">
         <name>.debug_line</name>
         <load_address>0x30af</load_address>
         <run_address>0x30af</run_address>
         <size>0x50</size>
         <input_file_ref idref="fl-dc"/>
      </object_component>
      <object_component id="oc-215">
         <name>.debug_line</name>
         <load_address>0x30ff</load_address>
         <run_address>0x30ff</run_address>
         <size>0x81</size>
         <input_file_ref idref="fl-dd"/>
      </object_component>
      <object_component id="oc-2cc">
         <name>.debug_line</name>
         <load_address>0x3180</load_address>
         <run_address>0x3180</run_address>
         <size>0x20</size>
         <input_file_ref idref="fl-de"/>
      </object_component>
      <object_component id="oc-2ca">
         <name>.debug_line</name>
         <load_address>0x31a0</load_address>
         <run_address>0x31a0</run_address>
         <size>0x2b</size>
         <input_file_ref idref="fl-de"/>
      </object_component>
      <object_component id="oc-1d5">
         <name>.debug_line</name>
         <load_address>0x31cb</load_address>
         <run_address>0x31cb</run_address>
         <size>0x40</size>
         <input_file_ref idref="fl-de"/>
      </object_component>
      <object_component id="oc-29e">
         <name>.debug_line</name>
         <load_address>0x320b</load_address>
         <run_address>0x320b</run_address>
         <size>0x37</size>
         <input_file_ref idref="fl-df"/>
      </object_component>
      <object_component id="oc-194">
         <name>.debug_line</name>
         <load_address>0x3242</load_address>
         <run_address>0x3242</run_address>
         <size>0x13d</size>
         <input_file_ref idref="fl-e0"/>
      </object_component>
      <object_component id="oc-18e">
         <name>.debug_line</name>
         <load_address>0x337f</load_address>
         <run_address>0x337f</run_address>
         <size>0x7f</size>
         <input_file_ref idref="fl-e0"/>
      </object_component>
      <object_component id="oc-190">
         <name>.debug_line</name>
         <load_address>0x33fe</load_address>
         <run_address>0x33fe</run_address>
         <size>0x7f</size>
         <input_file_ref idref="fl-e0"/>
      </object_component>
      <object_component id="oc-20b">
         <name>.debug_line</name>
         <load_address>0x347d</load_address>
         <run_address>0x347d</run_address>
         <size>0x7f</size>
         <input_file_ref idref="fl-e0"/>
      </object_component>
      <object_component id="oc-192">
         <name>.debug_line</name>
         <load_address>0x34fc</load_address>
         <run_address>0x34fc</run_address>
         <size>0x7f</size>
         <input_file_ref idref="fl-e0"/>
      </object_component>
      <object_component id="oc-133">
         <name>.debug_line</name>
         <load_address>0x357b</load_address>
         <run_address>0x357b</run_address>
         <size>0x9e</size>
         <input_file_ref idref="fl-e0"/>
      </object_component>
      <object_component id="oc-139">
         <name>.debug_line</name>
         <load_address>0x3619</load_address>
         <run_address>0x3619</run_address>
         <size>0xb0</size>
         <input_file_ref idref="fl-e0"/>
      </object_component>
      <object_component id="oc-cd">
         <name>.debug_line</name>
         <load_address>0x36c9</load_address>
         <run_address>0x36c9</run_address>
         <size>0x176</size>
         <input_file_ref idref="fl-e0"/>
      </object_component>
      <object_component id="oc-198">
         <name>.debug_line</name>
         <load_address>0x383f</load_address>
         <run_address>0x383f</run_address>
         <size>0x7f</size>
         <input_file_ref idref="fl-e0"/>
      </object_component>
      <object_component id="oc-12f">
         <name>.debug_line</name>
         <load_address>0x38be</load_address>
         <run_address>0x38be</run_address>
         <size>0x69</size>
         <input_file_ref idref="fl-e0"/>
      </object_component>
      <object_component id="oc-187">
         <name>.debug_line</name>
         <load_address>0x3927</load_address>
         <run_address>0x3927</run_address>
         <size>0x82</size>
         <input_file_ref idref="fl-e1"/>
      </object_component>
[...]
            <object_component_ref idref="oc-48"/>
            <object_component_ref idref="oc-1b"/>
            <object_component_ref idref="oc-15"/>
            <object_component_ref idref="oc-23"/>
            <object_component_ref idref="oc-58"/>
            <object_component_ref idref="oc-e8"/>
            <object_component_ref idref="oc-d7"/>
            <object_component_ref idref="oc-db"/>
            <object_component_ref idref="oc-155"/>
            <object_component_ref idref="oc-15c"/>
            <object_component_ref idref="oc-e2"/>
            <object_component_ref idref="oc-3c"/>
            <object_component_ref idref="oc-8f"/>
            <object_component_ref idref="oc-f6"/>
            <object_component_ref idref="oc-96"/>
            <object_component_ref idref="oc-1a5"/>
            <object_component_ref idref="oc-23f"/>
            <object_component_ref idref="oc-245"/>
            <object_component_ref idref="oc-1b0"/>
            <object_component_ref idref="oc-24c"/>
            <object_component_ref idref="oc-252"/>
            <object_component_ref idref="oc-1b6"/>
            <object_component_ref idref="oc-1bb"/>
            <object_component_ref idref="oc-1c1"/>
            <object_component_ref idref="oc-14d"/>
            <object_component_ref idref="oc-19e"/>
            <object_component_ref idref="oc-20e"/>
            <object_component_ref idref="oc-231"/>
            <object_component_ref idref="oc-1c7"/>
            <object_component_ref idref="oc-265"/>
            <object_component_ref idref="oc-25c"/>
            <object_component_ref idref="oc-261"/>
            <object_component_ref idref="oc-2ba"/>
            <object_component_ref idref="oc-1cf"/>
            <object_component_ref idref="oc-23a"/>
            <object_component_ref idref="oc-1ac"/>
            <object_component_ref idref="oc-224"/>
            <object_component_ref idref="oc-221"/>
            <object_component_ref idref="oc-21b"/>
            <object_component_ref idref="oc-229"/>
            <object_component_ref idref="oc-235"/>
            <object_component_ref idref="oc-214"/>
            <object_component_ref idref="oc-275"/>
            <object_component_ref idref="oc-1d3"/>
            <object_component_ref idref="oc-2a1"/>
            <object_component_ref idref="oc-140"/>
            <object_component_ref idref="oc-143"/>
            <object_component_ref idref="oc-18a"/>
            <object_component_ref idref="oc-146"/>
            <object_component_ref idref="oc-136"/>
            <object_component_ref idref="oc-13c"/>
            <object_component_ref idref="oc-d0"/>
            <object_component_ref idref="oc-c9"/>
         </contents>
      </logical_group>
      <logical_group id="lg-300" display="never" color="cyan">
         <name>.debug_pubtypes</name>
         <load_address>0x0</load_address>
         <run_address>0x0</run_address>
         <size>0xf49</size>
         <contents>
            <object_component_ref idref="oc-6e"/>
            <object_component_ref idref="oc-127"/>
            <object_component_ref idref="oc-b0"/>
            <object_component_ref idref="oc-ab"/>
            <object_component_ref idref="oc-73"/>
            <object_component_ref idref="oc-160"/>
            <object_component_ref idref="oc-34"/>
            <object_component_ref idref="oc-87"/>
            <object_component_ref idref="oc-be"/>
            <object_component_ref idref="oc-3f"/>
            <object_component_ref idref="oc-7f"/>
            <object_component_ref idref="oc-2f"/>
            <object_component_ref idref="oc-b7"/>
            <object_component_ref idref="oc-78"/>
            <object_component_ref idref="oc-27b"/>
            <object_component_ref idref="oc-1fa"/>
            <object_component_ref idref="oc-28d"/>
            <object_component_ref idref="oc-1ff"/>
            <object_component_ref idref="oc-204"/>
            <object_component_ref idref="oc-1da"/>
            <object_component_ref idref="oc-280"/>
            <object_component_ref idref="oc-2ce"/>
            <object_component_ref idref="oc-285"/>
            <object_component_ref idref="oc-1df"/>
            <object_component_ref idref="oc-2da"/>
            <object_component_ref idref="oc-2b2"/>
            <object_component_ref idref="oc-2c3"/>
            <object_component_ref idref="oc-26e"/>
            <object_component_ref idref="oc-196"/>
            <object_component_ref idref="oc-12d"/>
         </contents>
      </logical_group>
      <load_segment id="lg-319" display="no" color="cyan">
         <name>SEGMENT_0</name>
         <load_address>0x0</load_address>
         <run_address>0x0</run_address>
         <size>0x27e8</size>
         <flags>0x5</flags>
         <contents>
            <logical_group_ref idref="lg-3"/>
            <logical_group_ref idref="lg-4"/>
            <logical_group_ref idref="lg-5"/>
            <logical_group_ref idref="lg-6"/>
         </contents>
      </load_segment>
      <load_segment id="lg-31a" display="no" color="cyan">
         <name>SEGMENT_1</name>
         <run_address>0x20000000</run_address>
         <size>0x208</size>
         <flags>0x6</flags>
         <contents>
            <logical_group_ref idref="lg-d"/>
            <logical_group_ref idref="lg-b"/>
            <logical_group_ref idref="lg-a"/>
         </contents>
      </load_segment>
   </logical_group_list>
   <placement_map>
      <memory_area display="yes" color="green">
         <name>FLASH</name>
         <page_id>0x0</page_id>
         <origin>0x0</origin>
         <length>0x100000</length>
         <used_space>0x27e8</used_space>
         <unused_space>0xfd818</unused_space>
         <attributes>RX</attributes>
         <usage_details>
            <allocated_space>
               <start_address>0x0</start_address>
               <size>0x208</size>
               <logical_group_ref idref="lg-3"/>
            </allocated_space>
            <allocated_space>
               <start_address>0x208</start_address>
               <size>0x2258</size>
               <logical_group_ref idref="lg-4"/>
            </allocated_space>
            <allocated_space>
               <start_address>0x2460</start_address>
               <size>0x358</size>
               <logical_group_ref idref="lg-5"/>
            </allocated_space>
            <allocated_space>
               <start_address>0x27b8</start_address>
               <size>0x30</size>
               <logical_group_ref idref="lg-6"/>
            </allocated_space>
            <available_space>
               <start_address>0x27e8</start_address>
               <size>0xfd818</size>
            </available_space>
         </usage_details>
      </memory_area>
      <memory_area display="yes" color="green">
         <name>SRAM</name>
         <page_id>0x0</page_id>
         <origin>0x20000000</origin>
         <length>0x40000</length>
         <used_space>0x208</used_space>
         <unused_space>0x3fdf8</unused_space>
         <attributes>RWX</attributes>
         <usage_details>
            <allocated_space>
               <start_address>0x20000000</start_address>
               <size>0x200</size>
               <logical_group_ref idref="lg-d"/>
            </allocated_space>
            <allocated_space>
               <start_address>0x20000200</start_address>
               <size>0x4</size>
               <logical_group_ref idref="lg-b"/>
            </allocated_space>
            <allocated_space>
               <start_address>0x20000204</start_address>
               <size>0x4</size>
               <logical_group_ref idref="lg-a"/>
            </allocated_space>
            <available_space>
               <start_address>0x20000208</start_address>
               <size>0x3fdf8</size>
            </available_space>
         </usage_details>
      </memory_area>
   </placement_map>
   <cptbl_list>
      <cptbl>
         <name>__TI_cinit_table</name>
         <cprec>
            <name>.bss</name>
            <load_address>0x27c8</load_address>
            <load_size>0x8</load_size>
            <run_address>0x20000200</run_address>
            <run_size>0x4</run_size>
            <compression>zero_init</compression>
         </cprec>
         <cprec>
            <name>.data</name>
            <load_address>0x27d0</load_address>
            <load_size>0x7</load_size>
            <run_address>0x20000204</run_address>
            <run_size>0x4</run_size>
            <compression>lzss</compression>
         </cprec>
      </cptbl>
   </cptbl_list>
   <handler_table>
      <handler_table_name>__TI_handler_table</handler_table_name>
      <handler>
         <index>0x0</index>
         <name>__TI_decompress_lzss</name>
      </handler>
      <handler>
         <index>0x1</index>
         <name>__TI_decompress_none</name>
      </handler>
      <handler>
         <index>0x2</index>
         <name>__TI_zero_init</name>
      </handler>
   </handler_table>
   <symbol_table>
      <symbol id="sm-1">
         <name>__STACK_TOP</name>
         <value>0x20000200</value>
      </symbol>
      <symbol id="sm-2">
         <name>__TI_CINIT_Base</name>
         <value>0x27d8</value>
      </symbol>
      <symbol id="sm-3">
         <name>__TI_CINIT_Limit</name>
         <value>0x27e8</value>
      </symbol>
      <symbol id="sm-4">
         <name>__TI_Handler_Table_Base</name>
         <value>0x27b8</value>
      </symbol>
      <symbol id="sm-5">
         <name>__TI_Handler_Table_Limit</name>
         <value>0x27c4</value>
      </symbol>
      <symbol id="sm-6">
         <name>binit</name>
         <value>0xffffffff</value>
      </symbol>
      <symbol id="sm-7">
         <name>__binit__</name>
         <value>0xffffffff</value>
      </symbol>
      <symbol id="sm-8">
         <name>__STACK_SIZE</name>
         <value>0x200</value>
      </symbol>
      <symbol id="sm-9">
         <name>__STACK_END</name>
         <value>0x20000200</value>
      </symbol>
      <symbol id="sm-a">
         <name>__c_args__</name>
         <value>0xffffffff</value>
      </symbol>
      <symbol id="sm-b">
         <name>__TI_pprof_out_hndl</name>
         <value>0xffffffff</value>
      </symbol>
      <symbol id="sm-c">
         <name>__TI_prof_data_start</name>
         <value>0xffffffff</value>
      </symbol>
      <symbol id="sm-d">
         <name>__TI_prof_data_size</name>
         <value>0xffffffff</value>
      </symbol>
      <symbol id="sm-64">
         <name>g_ui32SysClock</name>
         <value>0x20000200</value>
      </symbol>
      <symbol id="sm-65">
         <name>main</name>
         <value>0x12bd</value>
         <object_component_ref idref="oc-98"/>
      </symbol>
      <symbol id="sm-66">
         <name>UARTSend</name>
         <value>0x1295</value>
         <object_component_ref idref="oc-98"/>
      </symbol>
      <symbol id="sm-87">
         <name>ResetISR</name>
         <value>0x2429</value>
         <object_component_ref idref="oc-24"/>
      </symbol>
      <symbol id="sm-88">
         <name>g_pfnVectors</name>
         <value>0x0</value>
         <object_component_ref idref="oc-f"/>
      </symbol>
      <symbol id="sm-a1">
         <name>__TI_zero_init_nomemset</name>
         <value>0x23f7</value>
         <object_component_ref idref="oc-44"/>
      </symbol>
      <symbol id="sm-b8">
         <name>__TI_decompress_none</name>
         <value>0x241b</value>
         <object_component_ref idref="oc-18"/>
      </symbol>
      <symbol id="sm-db">
         <name>__TI_decompress_lzss</name>
         <value>0x1f95</value>
         <object_component_ref idref="oc-12"/>
      </symbol>
      <symbol id="sm-ee">
         <name>__stack</name>
         <value>0x20000000</value>
         <object_component_ref idref="oc-21"/>
      </symbol>
      <symbol id="sm-ef">
         <name>_c_int00_noargs</name>
         <value>0x22fd</value>
         <object_component_ref idref="oc-56"/>
      </symbol>
      <symbol id="sm-fa">
         <name>C$$EXIT</name>
         <value>0x245d</value>
         <object_component_ref idref="oc-e6"/>
      </symbol>
      <symbol id="sm-fb">
         <name>abort</name>
         <value>0x245d</value>
         <object_component_ref idref="oc-e6"/>
      </symbol>
      <symbol id="sm-10a">
         <name>bzero</name>
         <value>0x2451</value>
         <object_component_ref idref="oc-d2"/>
      </symbol>
      <symbol id="sm-131">
         <name>sprintf</name>
         <value>0x227d</value>
         <object_component_ref idref="oc-d8"/>
      </symbol>
      <symbol id="sm-13f">
         <name>strlen</name>
         <value>0x23e3</value>
         <object_component_ref idref="oc-de"/>
      </symbol>
      <symbol id="sm-15a">
         <name>memcpy</name>
         <value>0x1c6f</value>
         <object_component_ref idref="oc-38"/>
      </symbol>
      <symbol id="sm-15b">
         <name>__aeabi_memcpy</name>
         <value>0x1c6f</value>
         <object_component_ref idref="oc-38"/>
      </symbol>
      <symbol id="sm-15c">
         <name>__aeabi_memcpy8</name>
         <value>0x1c6f</value>
         <object_component_ref idref="oc-38"/>
      </symbol>
      <symbol id="sm-15d">
         <name>__aeabi_memcpy4</name>
         <value>0x1c6f</value>
         <object_component_ref idref="oc-38"/>
      </symbol>
      <symbol id="sm-16c">
         <name>__aeabi_memset</name>
         <value>0x1eaf</value>
         <object_component_ref idref="oc-8c"/>
      </symbol>
      <symbol id="sm-16d">
         <name>memset</name>
         <value>0x1eb5</value>
         <object_component_ref idref="oc-8c"/>
      </symbol>
      <symbol id="sm-16e">
         <name>__aeabi_memset8</name>
         <value>0x1eaf</value>
         <object_component_ref idref="oc-8c"/>
      </symbol>
      <symbol id="sm-16f">
         <name>__aeabi_memset4</name>
         <value>0x1eaf</value>
         <object_component_ref idref="oc-8c"/>
      </symbol>
      <symbol id="sm-170">
         <name>__aeabi_memclr8</name>
         <value>0x1ead</value>
         <object_component_ref idref="oc-8c"/>
      </symbol>
      <symbol id="sm-171">
         <name>__aeabi_memclr4</name>
         <value>0x1ead</value>
         <object_component_ref idref="oc-8c"/>
      </symbol>
      <symbol id="sm-172">
         <name>__aeabi_memclr</name>
         <value>0x1ead</value>
         <object_component_ref idref="oc-8c"/>
      </symbol>
      <symbol id="sm-19a">
         <name>__TI_auto_init_nobinit_nopinit</name>
         <value>0x2239</value>
         <object_component_ref idref="oc-f2"/>
      </symbol>
      <symbol id="sm-1a4">
         <name>_system_pre_init</name>
         <value>0x2459</value>
         <object_component_ref idref="oc-92"/>
      </symbol>
      <symbol id="sm-30a">
         <name>__TI_printfi</name>
         <value>0x209</value>
         <object_component_ref idref="oc-14b"/>
      </symbol>
      <symbol id="sm-320">
         <name>atoi</name>
         <value>0x215d</value>
         <object_component_ref idref="oc-19c"/>
      </symbol>
      <symbol id="sm-32b">
         <name>_ctypes_</name>
         <value>0x2610</value>
         <object_component_ref idref="oc-20c"/>
      </symbol>
      <symbol id="sm-33a">
         <name>ltoa</name>
         <value>0x20b7</value>
         <object_component_ref idref="oc-22c"/>
      </symbol>
      <symbol id="sm-34a">
         <name>memccpy</name>
         <value>0x2385</value>
         <object_component_ref idref="oc-1c5"/>
      </symbol>
      <symbol id="sm-35a">
         <name>strchr</name>
         <value>0x23b9</value>
         <object_component_ref idref="oc-263"/>
      </symbol>
      <symbol id="sm-37a">
         <name>frexpl</name>
         <value>0x1ffd</value>
         <object_component_ref idref="oc-257"/>
      </symbol>
      <symbol id="sm-37b">
         <name>frexp</name>
         <value>0x1ffd</value>
         <object_component_ref idref="oc-257"/>
      </symbol>
      <symbol id="sm-398">
         <name>scalbn</name>
         <value>0x19b1</value>
         <object_component_ref idref="oc-25d"/>
      </symbol>
      <symbol id="sm-399">
         <name>scalbnl</name>
         <value>0x19b1</value>
         <object_component_ref idref="oc-25d"/>
      </symbol>
      <symbol id="sm-39a">
         <name>ldexpl</name>
         <value>0x19b1</value>
         <object_component_ref idref="oc-25d"/>
      </symbol>
      <symbol id="sm-39b">
         <name>ldexp</name>
         <value>0x19b1</value>
         <object_component_ref idref="oc-25d"/>
      </symbol>
      <symbol id="sm-3a5">
         <name>copysign</name>
         <value>0x23cf</value>
         <object_component_ref idref="oc-2b6"/>
      </symbol>
      <symbol id="sm-3a6">
         <name>copysignl</name>
         <value>0x23cf</value>
         <object_component_ref idref="oc-2b6"/>
      </symbol>
      <symbol id="sm-3bf">
         <name>wcslen</name>
         <value>0x2409</value>
         <object_component_ref idref="oc-1cb"/>
      </symbol>
      <symbol id="sm-3d6">
         <name>__aeabi_dsub</name>
         <value>0x1465</value>
         <object_component_ref idref="oc-237"/>
      </symbol>
      <symbol id="sm-3d7">
         <name>__aeabi_dadd</name>
         <value>0x146f</value>
         <object_component_ref idref="oc-237"/>
      </symbol>
      <symbol id="sm-3f9">
         <name>__aeabi_cdcmpeq</name>
         <value>0x1da1</value>
         <object_component_ref idref="oc-1a8"/>
      </symbol>
      <symbol id="sm-3fa">
         <name>__aeabi_cdcmple</name>
         <value>0x1da1</value>
         <object_component_ref idref="oc-1a8"/>
      </symbol>
      <symbol id="sm-3fb">
         <name>__aeabi_cdrcmple</name>
         <value>0x1e27</value>
         <object_component_ref idref="oc-222"/>
      </symbol>
      <symbol id="sm-40f">
         <name>__aeabi_ddiv</name>
         <value>0x1759</value>
         <object_component_ref idref="oc-21d"/>
      </symbol>
      <symbol id="sm-41a">
         <name>__aeabi_dmul</name>
         <value>0x1ac1</value>
         <object_component_ref idref="oc-218"/>
      </symbol>
      <symbol id="sm-424">
         <name>__aeabi_d2iz</name>
         <value>0x21f1</value>
         <object_component_ref idref="oc-227"/>
      </symbol>
      <symbol id="sm-42e">
         <name>__aeabi_i2d</name>
         <value>0x2335</value>
         <object_component_ref idref="oc-232"/>
      </symbol>
      <symbol id="sm-43b">
         <name>__aeabi_uldivmod</name>
         <value>0x1d0b</value>
         <object_component_ref idref="oc-211"/>
      </symbol>
      <symbol id="sm-451">
         <name>__aeabi_errno_addr</name>
         <value>0x2449</value>
         <object_component_ref idref="oc-1d1"/>
      </symbol>
      <symbol id="sm-452">
         <name>errno</name>
         <value>0x20000204</value>
         <object_component_ref idref="oc-273"/>
      </symbol>
      <symbol id="sm-45c">
         <name>__aeabi_idiv0</name>
         <value>0xc67</value>
         <object_component_ref idref="oc-29d"/>
      </symbol>
      <symbol id="sm-45d">
         <name>__aeabi_ldiv0</name>
         <value>0xc67</value>
         <object_component_ref idref="oc-29d"/>
      </symbol>
      <symbol id="sm-4c5">
         <name>SysCtlClockFreqSet</name>
         <value>0xed9</value>
         <object_component_ref idref="oc-cc"/>
      </symbol>
      <symbol id="sm-4d3">
         <name>UARTCharPut</name>
         <value>0x2435</value>
         <object_component_ref idref="oc-c6"/>
      </symbol>
      <symbol id="sm-4d6">
         <name>__TI_static_base__</name>
         <value>0x0</value>
      </symbol>
      <symbol id="sm-4d9">
         <name>__mpu_init</name>
         <value>0x0</value>
      </symbol>
      <symbol id="sm-4da">
         <name>_system_post_cinit</name>
         <value>0x0</value>
      </symbol>
   </symbol_table>
   <title>Link successful</title>
</link_info>
